Component: ARM Compiler 5.05 update 1 (build 106) Tool: armlink [4d0efa]

==============================================================================

Section Cross References

    startup_stm32f429_439xx.o(RESET) refers to startup_stm32f429_439xx.o(STACK) for __initial_sp
    startup_stm32f429_439xx.o(RESET) refers to startup_stm32f429_439xx.o(.text) for Reset_Handler
    startup_stm32f429_439xx.o(RESET) refers to stm32f4xx_it.o(.text) for NMI_Handler
    startup_stm32f429_439xx.o(RESET) refers to tm_stm32f4_usart.o(.text) for USART1_IRQHandler
    startup_stm32f429_439xx.o(RESET) refers to usb_bsp.o(.text) for OTG_HS_IRQHandler
    startup_stm32f429_439xx.o(.text) refers to system_stm32f4xx.o(.text) for SystemInit
    startup_stm32f429_439xx.o(.text) refers to entry.o(.ARM.Collect$$$$00000000) for __main
    stm32f4xx_rcc.o(.text) refers to stm32f4xx_rcc.o(.data) for .data
    stm32f4xx_gpio.o(.text) refers to stm32f4xx_rcc.o(.text) for RCC_AHB1PeriphResetCmd
    stm32f4xx_usart.o(.text) refers to stm32f4xx_rcc.o(.text) for RCC_APB2PeriphResetCmd
    tm_stm32f4_delay.o(.text) refers to tm_stm32f4_delay.o(.data) for .data
    tm_stm32f4_delay.o(.text) refers to system_stm32f4xx.o(.data) for SystemCoreClock
    tm_stm32f4_disco.o(.text) refers to tm_stm32f4_gpio.o(.text) for TM_GPIO_Init
    tm_stm32f4_disco.o(.text) refers to tm_stm32f4_disco.o(.data) for .data
    tm_stm32f4_fatfs.o(.text) refers to ff.o(.text) for f_getfree
    tm_stm32f4_gps.o(.text) refers to tm_stm32f4_usart.o(.text) for TM_USART_Init
    tm_stm32f4_gps.o(.text) refers to strcpy.o(.text) for strcpy
    tm_stm32f4_gps.o(.text) refers to dfltui.o(.text) for __aeabi_ui2d
    tm_stm32f4_gps.o(.text) refers to dmul.o(.text) for __aeabi_dmul
    tm_stm32f4_gps.o(.text) refers to ddiv.o(.text) for __aeabi_ddiv
    tm_stm32f4_gps.o(.text) refers to f2d.o(.text) for __aeabi_f2d
    tm_stm32f4_gps.o(.text) refers to dadd.o(.text) for __aeabi_dadd
    tm_stm32f4_gps.o(.text) refers to d2f.o(.text) for __aeabi_d2f
    tm_stm32f4_gps.o(.text) refers to tm_stm32f4_gps.o(.data) for .data
    tm_stm32f4_gps.o(.text) refers to tm_stm32f4_gps.o(.bss) for .bss
    tm_stm32f4_gps.o(.text) refers to malloc.o(i.malloc) for malloc
    tm_stm32f4_gps.o(.text) refers to sin.o(i.__hardfp_sin) for __hardfp_sin
    tm_stm32f4_gps.o(.text) refers to cos.o(i.__hardfp_cos) for __hardfp_cos
    tm_stm32f4_gps.o(.text) refers to sqrt.o(i.__hardfp_sqrt) for __hardfp_sqrt
    tm_stm32f4_gps.o(.text) refers to atan2.o(i.__hardfp_atan2) for __hardfp_atan2
    tm_stm32f4_usart.o(.text) refers to tm_stm32f4_gpio.o(.text) for TM_GPIO_InitAlternate
    tm_stm32f4_usart.o(.text) refers to stm32f4xx_usart.o(.text) for USART_Init
    tm_stm32f4_usart.o(.text) refers to misc.o(.text) for NVIC_Init
    tm_stm32f4_usart.o(.text) refers to tm_stm32f4_usart.o(.data) for .data
    tm_stm32f4_usart.o(.data) refers to tm_stm32f4_usart.o(.bss) for TM_USART1_Buffer
    tm_stm32f4_usart.o(.data) refers to tm_stm32f4_usart.o(.bss) for TM_USART2_Buffer
    tm_stm32f4_usart.o(.data) refers to tm_stm32f4_usart.o(.bss) for TM_USART3_Buffer
    tm_stm32f4_usart.o(.data) refers to tm_stm32f4_usart.o(.bss) for TM_UART4_Buffer
    tm_stm32f4_usart.o(.data) refers to tm_stm32f4_usart.o(.bss) for TM_UART5_Buffer
    tm_stm32f4_usart.o(.data) refers to tm_stm32f4_usart.o(.bss) for TM_USART6_Buffer
    tm_stm32f4_usart.o(.data) refers to tm_stm32f4_usart.o(.bss) for TM_UART7_Buffer
    tm_stm32f4_usart.o(.data) refers to tm_stm32f4_usart.o(.bss) for TM_UART8_Buffer
    tm_stm32f4_usb_msc_host.o(.text) refers to usbh_core.o(.text) for USBH_Process
    tm_stm32f4_usb_msc_host.o(.text) refers to tm_stm32f4_usb_msc_host.o(.data) for .data
    tm_stm32f4_usb_msc_host.o(.text) refers to tm_stm32f4_usb_msc_host.o(.bss) for .bss
    tm_stm32f4_usb_msc_host.o(.text) refers to usbh_usr.o(.data) for USR_Callbacks
    tm_stm32f4_usb_msc_host.o(.text) refers to usbh_msc_core.o(.data) for USBH_MSC_cb
    tm_stm32f4_button.o(.text) refers to tm_stm32f4_delay.o(.text) for TM_DELAY_Init
    tm_stm32f4_button.o(.text) refers to malloc.o(i.malloc) for malloc
    tm_stm32f4_button.o(.text) refers to tm_stm32f4_gpio.o(.text) for TM_GPIO_Init
    tm_stm32f4_button.o(.text) refers to tm_stm32f4_button.o(.bss) for .bss
    tm_stm32f4_button.o(.text) refers to tm_stm32f4_delay.o(.data) for TM_Time
    tm_stm32f4_general.o(.text) refers to stm32f4xx_rcc.o(.text) for RCC_GetClocksFreq
    tm_stm32f4_general.o(.text) refers to tm_stm32f4_general.o(.bss) for .bss
    tm_stm32f4_general.o(.text) refers to tm_stm32f4_general.o(.data) for .data
    main.o(.text) refers to ff.o(.text) for f_close
    main.o(.text) refers to tm_stm32f4_general.o(.text) for TM_GENERAL_SystemReset
    main.o(.text) refers to system_stm32f4xx.o(.text) for SystemInit
    main.o(.text) refers to tm_stm32f4_delay.o(.text) for TM_DELAY_Init
    main.o(.text) refers to tm_stm32f4_disco.o(.text) for TM_DISCO_LedInit
[...]
    i.atan                                   0x0800a460   Section        0  atan.o(i.atan)
    i.fabs                                   0x0800a470   Section        0  fabs.o(i.fabs)
    i.malloc                                 0x0800a488   Section        0  malloc.o(i.malloc)
    .constdata                               0x0800a4f4   Section      141  ff.o(.constdata)
    ExCvt                                    0x0800a4f4   Data         128  ff.o(.constdata)
    LfnOfs                                   0x0800a574   Data          13  ff.o(.constdata)
    .constdata                               0x0800a582   Section     1216  unicode.o(.constdata)
    Tbl                                      0x0800a582   Data         256  unicode.o(.constdata)
    tbl_lower                                0x0800a682   Data         480  unicode.o(.constdata)
    tbl_upper                                0x0800a862   Data         480  unicode.o(.constdata)
    .constdata                               0x0800aa48   Section      152  atan.o(.constdata)
    atanhi                                   0x0800aa48   Data          32  atan.o(.constdata)
    atanlo                                   0x0800aa68   Data          32  atan.o(.constdata)
    aTodd                                    0x0800aa88   Data          40  atan.o(.constdata)
    aTeven                                   0x0800aab0   Data          48  atan.o(.constdata)
    .constdata                               0x0800aae0   Section       48  cos_i.o(.constdata)
    C                                        0x0800aae0   Data          48  cos_i.o(.constdata)
    .constdata                               0x0800ab10   Section        8  qnan.o(.constdata)
    .constdata                               0x0800ab18   Section      200  rred.o(.constdata)
    pio2s                                    0x0800ab18   Data          48  rred.o(.constdata)
    twooverpi                                0x0800ab48   Data         152  rred.o(.constdata)
    .constdata                               0x0800abe0   Section       40  sin_i.o(.constdata)
    S                                        0x0800abe0   Data          40  sin_i.o(.constdata)
    .conststring                             0x0800ac08   Section      169  main.o(.conststring)
    .data                                    0x20000000   Section       16  stm32f4xx_rcc.o(.data)
    APBAHBPrescTable                         0x20000000   Data          16  stm32f4xx_rcc.o(.data)
    .data                                    0x20000010   Section       16  tm_stm32f4_delay.o(.data)
    .data                                    0x20000020   Section        1  tm_stm32f4_disco.o(.data)
    TM_INT_DISCO_ButtonPressed               0x20000020   Data           1  tm_stm32f4_disco.o(.data)
    .data                                    0x20000024   Section       27  tm_stm32f4_gps.o(.data)
    TM_GPS_Statement                         0x20000024   Data           1  tm_stm32f4_gps.o(.data)
    ids_count                                0x20000029   Data           1  tm_stm32f4_gps.o(.data)
    GPS_Term_Number                          0x2000002a   Data           1  tm_stm32f4_gps.o(.data)
    GPS_Term_Pos                             0x2000002b   Data           1  tm_stm32f4_gps.o(.data)
    TM_GPS_CRC                               0x2000002c   Data           1  tm_stm32f4_gps.o(.data)
    TM_GPS_CRC_Received                      0x2000002d   Data           1  tm_stm32f4_gps.o(.data)
    TM_GPS_Star                              0x2000002e   Data           1  tm_stm32f4_gps.o(.data)
    TM_GPS_FirstTime                         0x2000002f   Data           1  tm_stm32f4_gps.o(.data)
    GPS_Flags                                0x20000030   Data           4  tm_stm32f4_gps.o(.data)
    GPS_Flags_OK                             0x20000034   Data           4  tm_stm32f4_gps.o(.data)
    GPS_Statement_Name                       0x20000038   Data           7  tm_stm32f4_gps.o(.data)
    .data                                    0x20000040   Section      128  tm_stm32f4_usart.o(.data)
    .data                                    0x200000c0   Section        2  tm_stm32f4_usb_msc_host.o(.data)
    .data                                    0x200000c2   Section        2  tm_stm32f4_general.o(.data)
    .data                                    0x200000c4   Section        8  main.o(.data)
    .data                                    0x200000cc   Section       20  system_stm32f4xx.o(.data)
    .data                                    0x200000e0   Section       12  ff.o(.data)
    CurrVol                                  0x200000e0   Data           1  ff.o(.data)
    Fsid                                     0x200000e2   Data           2  ff.o(.data)
    FatFs                                    0x200000e4   Data           8  ff.o(.data)
    .data                                    0x200000ec   Section        1  fatfs_usb.o(.data)
    USB_Stat                                 0x200000ec   Data           1  fatfs_usb.o(.data)
    .data                                    0x200000f0   Section       12  usbh_core.o(.data)
    .data                                    0x200000fc   Section        4  usbh_core.o(.data)
    .data                                    0x20000100   Section        2  usbh_core.o(.data)
    timeout                                  0x20000100   Data           2  usbh_core.o(.data)
    .data                                    0x20000104   Section       20  usbh_msc_bot.o(.data)
    error_direction                          0x20000104   Data           1  usbh_msc_bot.o(.data)
    remainingDataLength                      0x20000108   Data           4  usbh_msc_bot.o(.data)
    datapointer                              0x2000010c   Data           4  usbh_msc_bot.o(.data)
    datapointer_prev                         0x20000110   Data           4  usbh_msc_bot.o(.data)
    BOTStallErrorCount                       0x20000114   Data           4  usbh_msc_bot.o(.data)
    .data                                    0x20000118   Section        2  usbh_msc_core.o(.data)
    maxLunExceed                             0x20000119   Data           1  usbh_msc_core.o(.data)
    .data                                    0x2000011c   Section       16  usbh_msc_core.o(.data)
    .data                                    0x2000012c   Section        1  usbh_msc_scsi.o(.data)
    status                                   0x2000012c   Data           1  usbh_msc_scsi.o(.data)
    .data                                    0x2000012e   Section        4  usbh_stdreq.o(.data)
    prev_itf                                 0x2000012e   Data           1  usbh_stdreq.o(.data)
    prev_ep_size                             0x20000130   Data           2  usbh_stdreq.o(.data)
    .data                                    0x20000134   Section       72  usbh_usr.o(.data)
    .data                                    0x2000017c   Section        1  usbh_usr.o(.data)
    .data                                    0x20000180   Section        4  mvars.o(.data)
    .data                                    0x20000184   Section        4  mvars.o(.data)
    .data                                    0x20000188   Section        4  errno.o(.data)
    _errno                                   0x20000188   Data           4  errno.o(.data)
    .bss                                     0x2000018c   Section      304  tm_stm32f4_gps.o(.bss)
    GPS_Term                                 0x2000018c   Data          15  tm_stm32f4_gps.o(.bss)
    TM_GPS_INT_Data                          0x2000019c   Data         288  tm_stm32f4_gps.o(.bss)
    .bss                                     0x200002bc   Section     2048  tm_stm32f4_usart.o(.bss)
    .bss                                     0x20000abc   Section       32  tm_stm32f4_usart.o(.bss)
    .bss                                     0x20000adc   Section       32  tm_stm32f4_usart.o(.bss)
    .bss                                     0x20000afc   Section       32  tm_stm32f4_usart.o(.bss)
    .bss                                     0x20000b1c   Section       32  tm_stm32f4_usart.o(.bss)
    .bss                                     0x20000b3c   Section       32  tm_stm32f4_usart.o(.bss)
    .bss                                     0x20000b5c   Section       32  tm_stm32f4_usart.o(.bss)
    .bss                                     0x20000b7c   Section       32  tm_stm32f4_usart.o(.bss)
    .bss                                     0x20000b9c   Section     1780  tm_stm32f4_usb_msc_host.o(.bss)
    .bss                                     0x20001290   Section       44  tm_stm32f4_button.o(.bss)
    Buttons                                  0x20001290   Data          44  tm_stm32f4_button.o(.bss)
    .bss                                     0x200012bc   Section       16  tm_stm32f4_general.o(.bss)
    RCC_Clocks                               0x200012bc   Data          16  tm_stm32f4_general.o(.bss)
    .bss                                     0x200012cc   Section     6424  main.o(.bss)
    .bss                                     0x20002be4   Section      512  ff.o(.bss)
    LfnBuf                                   0x20002be4   Data         512  ff.o(.bss)
    .bss                                     0x20002de4   Section       64  usbh_msc_bot.o(.bss)
    .bss                                     0x20002e24   Section      522  usbh_msc_core.o(.bss)
    .bss                                     0x20003030   Section      528  usbh_msc_scsi.o(.bss)
    .bss                                     0x20003240   Section      512  usbh_stdreq.o(.bss)
    HEAP                                     0x20003440   Section      512  startup_stm32f429_439xx.o(HEAP)
    STACK                                    0x20003640   Section     1024  startup_stm32f429_439xx.o(STACK)

    Global Symbols

    Symbol Name                              Value     Ov Type        Size  Object(Section)

    BuildAttributes$$THM_ISAv4$E$P$D$K$B$S$7EM$VFPi3$EXTD16$VFPS$VFMA$PE$A:L22UL41UL21$X:L11$S22US41US21$IEEE1$IW$USESV6$~STKCKD$USESV7$~SHL$OTIME$ROPI$IEEEX$EBA8$MICROLIB$REQ8$PRES8$EABIv2 0x00000000   Number         0  anon$$obj.o ABSOLUTE
    __ARM_use_no_argv                        0x00000000   Number         0  main.o ABSOLUTE
    _printf_a                                0x00000000   Number         0  stubs.o ABSOLUTE
    _printf_c                                0x00000000   Number         0  stubs.o ABSOLUTE
    _printf_charcount                        0x00000000   Number         0  stubs.o ABSOLUTE
    _printf_d                                0x00000000   Number         0  stubs.o ABSOLUTE
    _printf_e                                0x00000000   Number         0  stubs.o ABSOLUTE
    _printf_f                                0x00000000   Number         0  stubs.o ABSOLUTE
    _printf_flags                            0x00000000   Number         0  stubs.o ABSOLUTE
    _printf_fp_dec                           0x00000000   Number         0  stubs.o ABSOLUTE
    _printf_fp_hex                           0x00000000   Number         0  stubs.o ABSOLUTE
    _printf_g                                0x00000000   Number         0  stubs.o ABSOLUTE
    _printf_i                                0x00000000   Number         0  stubs.o ABSOLUTE
    _printf_int_dec                          0x00000000   Number         0  stubs.o ABSOLUTE
    _printf_l                                0x00000000   Number         0  stubs.o ABSOLUTE
    _printf_lc                               0x00000000   Number         0  stubs.o ABSOLUTE
    _printf_ll                               0x00000000   Number         0  stubs.o ABSOLUTE
    _printf_lld                              0x00000000   Number         0  stubs.o ABSOLUTE
    _printf_lli                              0x00000000   Number         0  stubs.o ABSOLUTE
    _printf_llo                              0x00000000   Number         0  stubs.o ABSOLUTE
    _printf_llu                              0x00000000   Number         0  stubs.o ABSOLUTE
    _printf_llx                              0x00000000   Number         0  stubs.o ABSOLUTE
    _printf_longlong_dec                     0x00000000   Number         0  stubs.o ABSOLUTE
    _printf_longlong_hex                     0x00000000   Number         0  stubs.o ABSOLUTE
    _printf_longlong_oct                     0x00000000   Number         0  stubs.o ABSOLUTE
    _printf_ls                               0x00000000   Number         0  stubs.o ABSOLUTE
    _printf_mbtowc                           0x00000000   Number         0  stubs.o ABSOLUTE
    _printf_n                                0x00000000   Number         0  stubs.o ABSOLUTE
    _printf_o                                0x00000000   Number         0  stubs.o ABSOLUTE
    _printf_p                                0x00000000   Number         0  stubs.o ABSOLUTE
    _printf_percent                          0x00000000   Number         0  stubs.o ABSOLUTE
    _printf_pre_padding                      0x00000000   Number         0  stubs.o ABSOLUTE
    _printf_return_value                     0x00000000   Number         0  stubs.o ABSOLUTE
    _printf_s                                0x00000000   Number         0  stubs.o ABSOLUTE
    _printf_sizespec                         0x00000000   Number         0  stubs.o ABSOLUTE
    _printf_str                              0x00000000   Number         0  stubs.o ABSOLUTE
    _printf_truncate_signed                  0x00000000   Number         0  stubs.o ABSOLUTE
    _printf_truncate_unsigned                0x00000000   Number         0  stubs.o ABSOLUTE
    _printf_u                                0x00000000   Number         0  stubs.o ABSOLUTE
    _printf_wc                               0x00000000   Number         0  stubs.o ABSOLUTE
    _printf_wctomb                           0x00000000   Number         0  stubs.o ABSOLUTE
    _printf_widthprec                        0x00000000   Number         0  stubs.o ABSOLUTE
    _printf_x                                0x00000000   Number         0  stubs.o ABSOLUTE
    TM_DELAY_1msHandler                       - Undefined Weak Reference
    TM_GENERAL_SoftwareResetCallback          - Undefined Weak Reference
    __cpp_initialize__aeabi_                  - Undefined Weak Reference
    __cxa_finalize                            - Undefined Weak Reference
    _clock_init                               - Undefined Weak Reference
    _microlib_exit                            - Undefined Weak Reference
    __Vectors_Size                           0x000001ac   Number         0  startup_stm32f429_439xx.o ABSOLUTE
    __Vectors                                0x08000000   Data           4  startup_stm32f429_439xx.o(RESET)
    __Vectors_End                            0x080001ac   Data           0  startup_stm32f429_439xx.o(RESET)
    __main                                   0x080001ad   Thumb Code     0  entry.o(.ARM.Collect$$$$00000000)
    _main_stk                                0x080001ad   Thumb Code     0  entry2.o(.ARM.Collect$$$$00000001)
    _main_scatterload                        0x080001b1   Thumb Code     0  entry5.o(.ARM.Collect$$$$00000004)
    __main_after_scatterload                 0x080001b5   Thumb Code     0  entry5.o(.ARM.Collect$$$$00000004)
    _main_clock                              0x080001b5   Thumb Code     0  entry7b.o(.ARM.Collect$$$$00000008)
    _main_cpp_init                           0x080001b5   Thumb Code     0  entry8b.o(.ARM.Collect$$$$0000000A)
    _main_init                               0x080001b5   Thumb Code     0  entry9a.o(.ARM.Collect$$$$0000000B)
    __rt_final_cpp                           0x080001bd   Thumb Code     0  entry10a.o(.ARM.Collect$$$$0000000D)
    __rt_final_exit                          0x080001bd   Thumb Code     0  entry11a.o(.ARM.Collect$$$$0000000F)
    Reset_Handler                            0x080001c1   Thumb Code     8  startup_stm32f429_439xx.o(.text)
    ADC_IRQHandler                           0x080001db   Thumb Code     0  startup_stm32f429_439xx.o(.text)
    CAN1_RX0_IRQHandler                      0x080001db   Thumb Code     0  startup_stm32f429_439xx.o(.text)
    CAN1_RX1_IRQHandler                      0x080001db   Thumb Code     0  startup_stm32f429_439xx.o(.text)
    CAN1_SCE_IRQHandler                      0x080001db   Thumb Code     0  startup_stm32f429_439xx.o(.text)
    CAN1_TX_IRQHandler                       0x080001db   Thumb Code     0  startup_stm32f429_439xx.o(.text)
    CAN2_RX0_IRQHandler                      0x080001db   Thumb Code     0  startup_stm32f429_439xx.o(.text)
    CAN2_RX1_IRQHandler                      0x080001db   Thumb Code     0  startup_stm32f429_439xx.o(.text)
    CAN2_SCE_IRQHandler                      0x080001db   Thumb Code     0  startup_stm32f429_439xx.o(.text)
    CAN2_TX_IRQHandler                       0x080001db   Thumb Code     0  startup_stm32f429_439xx.o(.text)
    CRYP_IRQHandler                          0x080001db   Thumb Code     0  startup_stm32f429_439xx.o(.text)
    DCMI_IRQHandler                          0x080001db   Thumb Code     0  startup_stm32f429_439xx.o(.text)
    DMA1_Stream0_IRQHandler                  0x080001db   Thumb Code     0  startup_stm32f429_439xx.o(.text)
    DMA1_Stream1_IRQHandler                  0x080001db   Thumb Code     0  startup_stm32f429_439xx.o(.text)
    DMA1_Stream2_IRQHandler                  0x080001db   Thumb Code     0  startup_stm32f429_439xx.o(.text)
    DMA1_Stream3_IRQHandler                  0x080001db   Thumb Code     0  startup_stm32f429_439xx.o(.text)
    DMA1_Stream4_IRQHandler                  0x080001db   Thumb Code     0  startup_stm32f429_439xx.o(.text)
    DMA1_Stream5_IRQHandler                  0x080001db   Thumb Code     0  startup_stm32f429_439xx.o(.text)
    DMA1_Stream6_IRQHandler                  0x080001db   Thumb Code     0  startup_stm32f429_439xx.o(.text)
    DMA1_Stream7_IRQHandler                  0x080001db   Thumb Code     0  startup_stm32f429_439xx.o(.text)
    DMA2D_IRQHandler                         0x080001db   Thumb Code     0  startup_stm32f429_439xx.o(.text)
    DMA2_Stream0_IRQHandler                  0x080001db   Thumb Code     0  startup_stm32f429_439xx.o(.text)
    DMA2_Stream1_IRQHandler                  0x080001db   Thumb Code     0  startup_stm32f429_439xx.o(.text)
    DMA2_Stream2_IRQHandler                  0x080001db   Thumb Code     0  startup_stm32f429_439xx.o(.text)
    DMA2_Stream3_IRQHandler                  0x080001db   Thumb Code     0  startup_stm32f429_439xx.o(.text)
    DMA2_Stream4_IRQHandler                  0x080001db   Thumb Code     0  startup_stm32f429_439xx.o(.text)
    DMA2_Stream5_IRQHandler                  0x080001db   Thumb Code     0  startup_stm32f429_439xx.o(.text)
    DMA2_Stream6_IRQHandler                  0x080001db   Thumb Code     0  startup_stm32f429_439xx.o(.text)
    DMA2_Stream7_IRQHandler                  0x080001db   Thumb Code     0  startup_stm32f429_439xx.o(.text)
    ETH_IRQHandler                           0x080001db   Thumb Code     0  startup_stm32f429_439xx.o(.text)
    ETH_WKUP_IRQHandler                      0x080001db   Thumb Code     0  startup_stm32f429_439xx.o(.text)
    EXTI0_IRQHandler                         0x080001db   Thumb Code     0  startup_stm32f429_439xx.o(.text)
    EXTI15_10_IRQHandler                     0x080001db   Thumb Code     0  startup_stm32f429_439xx.o(.text)
    EXTI1_IRQHandler                         0x080001db   Thumb Code     0  startup_stm32f429_439xx.o(.text)
    EXTI2_IRQHandler                         0x080001db   Thumb Code     0  startup_stm32f429_439xx.o(.text)
    EXTI3_IRQHandler                         0x080001db   Thumb Code     0  startup_stm32f429_439xx.o(.text)
    EXTI4_IRQHandler                         0x080001db   Thumb Code     0  startup_stm32f429_439xx.o(.text)
    EXTI9_5_IRQHandler                       0x080001db   Thumb Code     0  startup_stm32f429_439xx.o(.text)
    FLASH_IRQHandler                         0x080001db   Thumb Code     0  startup_stm32f429_439xx.o(.text)
    FMC_IRQHandler                           0x080001db   Thumb Code     0  startup_stm32f429_439xx.o(.text)
    FPU_IRQHandler                           0x080001db   Thumb Code     0  startup_stm32f429_439xx.o(.text)
    HASH_RNG_IRQHandler                      0x080001db   Thumb Code     0  startup_stm32f429_439xx.o(.text)
    I2C1_ER_IRQHandler                       0x080001db   Thumb Code     0  startup_stm32f429_439xx.o(.text)
    I2C1_EV_IRQHandler                       0x080001db   Thumb Code     0  startup_stm32f429_439xx.o(.text)
    I2C2_ER_IRQHandler                       0x080001db   Thumb Code     0  startup_stm32f429_439xx.o(.text)
    I2C2_EV_IRQHandler                       0x080001db   Thumb Code     0  startup_stm32f429_439xx.o(.text)
    I2C3_ER_IRQHandler                       0x080001db   Thumb Code     0  startup_stm32f429_439xx.o(.text)
    I2C3_EV_IRQHandler                       0x080001db   Thumb Code     0  startup_stm32f429_439xx.o(.text)
    LTDC_ER_IRQHandler                       0x080001db   Thumb Code     0  startup_stm32f429_439xx.o(.text)
    LTDC_IRQHandler                          0x080001db   Thumb Code     0  startup_stm32f429_439xx.o(.text)
    OTG_FS_IRQHandler                        0x080001db   Thumb Code     0  startup_stm32f429_439xx.o(.text)
    OTG_FS_WKUP_IRQHandler                   0x080001db   Thumb Code     0  startup_stm32f429_439xx.o(.text)
    OTG_HS_EP1_IN_IRQHandler                 0x080001db   Thumb Code     0  startup_stm32f429_439xx.o(.text)
    OTG_HS_EP1_OUT_IRQHandler                0x080001db   Thumb Code     0  startup_stm32f429_439xx.o(.text)
    OTG_HS_WKUP_IRQHandler                   0x080001db   Thumb Code     0  startup_stm32f429_439xx.o(.text)
    PVD_IRQHandler                           0x080001db   Thumb Code     0  startup_stm32f429_439xx.o(.text)
    RCC_IRQHandler                           0x080001db   Thumb Code     0  startup_stm32f429_439xx.o(.text)
    RTC_Alarm_IRQHandler                     0x080001db   Thumb Code     0  startup_stm32f429_439xx.o(.text)
    RTC_WKUP_IRQHandler                      0x080001db   Thumb Code     0  startup_stm32f429_439xx.o(.text)
    SAI1_IRQHandler                          0x080001db   Thumb Code     0  startup_stm32f429_439xx.o(.text)
    SDIO_IRQHandler                          0x080001db   Thumb Code     0  startup_stm32f429_439xx.o(.text)
    SPI1_IRQHandler                          0x080001db   Thumb Code     0  startup_stm32f429_439xx.o(.text)
    SPI2_IRQHandler                          0x080001db   Thumb Code     0  startup_stm32f429_439xx.o(.text)
    SPI3_IRQHandler                          0x080001db   Thumb Code     0  startup_stm32f429_439xx.o(.text)
    SPI4_IRQHandler                          0x080001db   Thumb Code     0  startup_stm32f429_439xx.o(.text)
    SPI5_IRQHandler                          0x080001db   Thumb Code     0  startup_stm32f429_439xx.o(.text)
    SPI6_IRQHandler                          0x080001db   Thumb Code     0  startup_stm32f429_439xx.o(.text)
    TAMP_STAMP_IRQHandler                    0x080001db   Thumb Code     0  startup_stm32f429_439xx.o(.text)
    TIM1_BRK_TIM9_IRQHandler                 0x080001db   Thumb Code     0  startup_stm32f429_439xx.o(.text)
    TIM1_CC_IRQHandler                       0x080001db   Thumb Code     0  startup_stm32f429_439xx.o(.text)
    TIM1_TRG_COM_TIM11_IRQHandler            0x080001db   Thumb Code     0  startup_stm32f429_439xx.o(.text)
    TIM1_UP_TIM10_IRQHandler                 0x080001db   Thumb Code     0  startup_stm32f429_439xx.o(.text)
    TIM2_IRQHandler                          0x080001db   Thumb Code     0  startup_stm32f429_439xx.o(.text)
    TIM3_IRQHandler                          0x080001db   Thumb Code     0  startup_stm32f429_439xx.o(.text)
    TIM4_IRQHandler                          0x080001db   Thumb Code     0  startup_stm32f429_439xx.o(.text)
    TIM5_IRQHandler                          0x080001db   Thumb Code     0  startup_stm32f429_439xx.o(.text)
    TIM6_DAC_IRQHandler                      0x080001db   Thumb Code     0  startup_stm32f429_439xx.o(.text)
    TIM7_IRQHandler                          0x080001db   Thumb Code     0  startup_stm32f429_439xx.o(.text)
    TIM8_BRK_TIM12_IRQHandler                0x080001db   Thumb Code     0  startup_stm32f429_439xx.o(.text)
    TIM8_CC_IRQHandler                       0x080001db   Thumb Code     0  startup_stm32f429_439xx.o(.text)
    TIM8_TRG_COM_TIM14_IRQHandler            0x080001db   Thumb Code     0  startup_stm32f429_439xx.o(.text)
    TIM8_UP_TIM13_IRQHandler                 0x080001db   Thumb Code     0  startup_stm32f429_439xx.o(.text)
    WWDG_IRQHandler                          0x080001db   Thumb Code     0  startup_stm32f429_439xx.o(.text)
    NVIC_PriorityGroupConfig                 0x080001e5   Thumb Code    10  misc.o(.text)
    NVIC_Init                                0x080001ef   Thumb Code    96  misc.o(.text)
    NVIC_SetVectorTable                      0x0800024f   Thumb Code    14  misc.o(.text)
    NVIC_SystemLPConfig                      0x0800025d   Thumb Code    20  misc.o(.text)
    SysTick_CLKSourceConfig                  0x08000271   Thumb Code    24  misc.o(.text)
    RCC_DeInit                               0x08000295   Thumb Code    68  stm32f4xx_rcc.o(.text)
    RCC_HSEConfig                            0x080002d9   Thumb Code    12  stm32f4xx_rcc.o(.text)
    RCC_GetFlagStatus                        0x080002e5   Thumb Code    46  stm32f4xx_rcc.o(.text)
    RCC_WaitForHSEStartUp                    0x08000313   Thumb Code    44  stm32f4xx_rcc.o(.text)
    RCC_AdjustHSICalibrationValue            0x0800033f   Thumb Code    16  stm32f4xx_rcc.o(.text)
    RCC_HSICmd                               0x0800034f   Thumb Code     6  stm32f4xx_rcc.o(.text)
    RCC_LSEConfig                            0x08000355   Thumb Code    24  stm32f4xx_rcc.o(.text)
    RCC_LSICmd                               0x0800036d   Thumb Code     6  stm32f4xx_rcc.o(.text)
    RCC_PLLConfig                            0x08000373   Thumb Code    32  stm32f4xx_rcc.o(.text)
    RCC_PLLCmd                               0x08000393   Thumb Code     6  stm32f4xx_rcc.o(.text)
    RCC_PLLI2SConfig                         0x08000399   Thumb Code    18  stm32f4xx_rcc.o(.text)
    RCC_PLLI2SCmd                            0x080003ab   Thumb Code     6  stm32f4xx_rcc.o(.text)
    RCC_PLLSAIConfig                         0x080003b1   Thumb Code    18  stm32f4xx_rcc.o(.text)
    RCC_PLLSAICmd                            0x080003c3   Thumb Code     6  stm32f4xx_rcc.o(.text)
    RCC_ClockSecuritySystemCmd               0x080003c9   Thumb Code     6  stm32f4xx_rcc.o(.text)
    RCC_MCO1Config                           0x080003cf   Thumb Code    18  stm32f4xx_rcc.o(.text)
    RCC_MCO2Config                           0x080003e1   Thumb Code    18  stm32f4xx_rcc.o(.text)
    RCC_SYSCLKConfig                         0x080003f3   Thumb Code    16  stm32f4xx_rcc.o(.text)
    RCC_GetSYSCLKSource                      0x08000403   Thumb Code    12  stm32f4xx_rcc.o(.text)
    RCC_HCLKConfig                           0x0800040f   Thumb Code    16  stm32f4xx_rcc.o(.text)
    RCC_PCLK1Config                          0x0800041f   Thumb Code    16  stm32f4xx_rcc.o(.text)
    RCC_PCLK2Config                          0x0800042f   Thumb Code    18  stm32f4xx_rcc.o(.text)
    RCC_GetClocksFreq                        0x08000441   Thumb Code   134  stm32f4xx_rcc.o(.text)
    RCC_RTCCLKConfig                         0x080004c7   Thumb Code    42  stm32f4xx_rcc.o(.text)
    RCC_RTCCLKCmd                            0x080004f1   Thumb Code     8  stm32f4xx_rcc.o(.text)
    RCC_BackupResetCmd                       0x080004f9   Thumb Code     8  stm32f4xx_rcc.o(.text)
    RCC_I2SCLKConfig                         0x08000501   Thumb Code     8  stm32f4xx_rcc.o(.text)
    RCC_SAIBlockACLKConfig                   0x08000509   Thumb Code    16  stm32f4xx_rcc.o(.text)
    RCC_SAIBlockBCLKConfig                   0x08000519   Thumb Code    16  stm32f4xx_rcc.o(.text)
    RCC_SAIPLLI2SClkDivConfig                0x08000529   Thumb Code    18  stm32f4xx_rcc.o(.text)
    RCC_SAIPLLSAIClkDivConfig                0x0800053b   Thumb Code    24  stm32f4xx_rcc.o(.text)
    RCC_LTDCCLKDivConfig                     0x08000553   Thumb Code    16  stm32f4xx_rcc.o(.text)
    RCC_TIMCLKPresConfig                     0x08000563   Thumb Code     8  stm32f4xx_rcc.o(.text)
    RCC_AHB1PeriphClockCmd                   0x0800056b   Thumb Code    20  stm32f4xx_rcc.o(.text)
    RCC_AHB2PeriphClockCmd                   0x0800057f   Thumb Code    20  stm32f4xx_rcc.o(.text)
    RCC_AHB3PeriphClockCmd                   0x08000593   Thumb Code    20  stm32f4xx_rcc.o(.text)
    RCC_APB1PeriphClockCmd                   0x080005a7   Thumb Code    20  stm32f4xx_rcc.o(.text)
    RCC_APB2PeriphClockCmd                   0x080005bb   Thumb Code    20  stm32f4xx_rcc.o(.text)
    RCC_AHB1PeriphResetCmd                   0x080005cf   Thumb Code    20  stm32f4xx_rcc.o(.text)
    RCC_AHB2PeriphResetCmd                   0x080005e3   Thumb Code    20  stm32f4xx_rcc.o(.text)
    RCC_AHB3PeriphResetCmd                   0x080005f7   Thumb Code    20  stm32f4xx_rcc.o(.text)
    RCC_APB1PeriphResetCmd                   0x0800060b   Thumb Code    20  stm32f4xx_rcc.o(.text)
    RCC_APB2PeriphResetCmd                   0x0800061f   Thumb Code    20  stm32f4xx_rcc.o(.text)
    RCC_AHB1PeriphClockLPModeCmd             0x08000633   Thumb Code    20  stm32f4xx_rcc.o(.text)
    RCC_AHB2PeriphClockLPModeCmd             0x08000647   Thumb Code    20  stm32f4xx_rcc.o(.text)
    RCC_AHB3PeriphClockLPModeCmd             0x0800065b   Thumb Code    20  stm32f4xx_rcc.o(.text)
    RCC_APB1PeriphClockLPModeCmd             0x0800066f   Thumb Code    64  stm32f4xx_rcc.o(.text)
    RCC_APB2PeriphClockLPModeCmd             0x080006af   Thumb Code    18  stm32f4xx_rcc.o(.text)
    RCC_LSEModeConfig                        0x080006c1   Thumb Code    24  stm32f4xx_rcc.o(.text)
    RCC_ITConfig                             0x080006d9   Thumb Code    20  stm32f4xx_rcc.o(.text)
    RCC_ClearFlag                            0x080006ed   Thumb Code    14  stm32f4xx_rcc.o(.text)
    RCC_GetITStatus                          0x080006fb   Thumb Code    18  stm32f4xx_rcc.o(.text)
    RCC_ClearITPendingBit                    0x0800070d   Thumb Code     8  stm32f4xx_rcc.o(.text)
    GPIO_DeInit                              0x08000719   Thumb Code   216  stm32f4xx_gpio.o(.text)
    GPIO_Init                                0x080007f1   Thumb Code   120  stm32f4xx_gpio.o(.text)
    GPIO_StructInit                          0x08000869   Thumb Code    18  stm32f4xx_gpio.o(.text)
    GPIO_PinLockConfig                       0x0800087b   Thumb Code    24  stm32f4xx_gpio.o(.text)
    GPIO_ReadInputDataBit                    0x08000893   Thumb Code    14  stm32f4xx_gpio.o(.text)
    GPIO_ReadInputData                       0x080008a1   Thumb Code     6  stm32f4xx_gpio.o(.text)
    GPIO_ReadOutputDataBit                   0x080008a7   Thumb Code    14  stm32f4xx_gpio.o(.text)
    GPIO_ReadOutputData                      0x080008b5   Thumb Code     6  stm32f4xx_gpio.o(.text)
    GPIO_SetBits                             0x080008bb   Thumb Code     4  stm32f4xx_gpio.o(.text)
    GPIO_ResetBits                           0x080008bf   Thumb Code     4  stm32f4xx_gpio.o(.text)
    GPIO_WriteBit                            0x080008c3   Thumb Code    10  stm32f4xx_gpio.o(.text)
    GPIO_Write                               0x080008cd   Thumb Code     4  stm32f4xx_gpio.o(.text)
    GPIO_ToggleBits                          0x080008d1   Thumb Code     8  stm32f4xx_gpio.o(.text)
    GPIO_PinAFConfig                         0x080008d9   Thumb Code    32  stm32f4xx_gpio.o(.text)
    USART_DeInit                             0x08000925   Thumb Code   138  stm32f4xx_usart.o(.text)
    USART_Init                               0x080009af   Thumb Code   164  stm32f4xx_usart.o(.text)
    USART_StructInit                         0x08000a53   Thumb Code    22  stm32f4xx_usart.o(.text)
    USART_ClockInit                          0x08000a69   Thumb Code    28  stm32f4xx_usart.o(.text)
    USART_ClockStructInit                    0x08000a85   Thumb Code    12  stm32f4xx_usart.o(.text)
    USART_Cmd                                0x08000a91   Thumb Code    20  stm32f4xx_usart.o(.text)
    USART_SetPrescaler                       0x08000aa5   Thumb Code    16  stm32f4xx_usart.o(.text)
    USART_OverSampling8Cmd                   0x08000ab5   Thumb Code    20  stm32f4xx_usart.o(.text)
    USART_OneBitMethodCmd                    0x08000ac9   Thumb Code    20  stm32f4xx_usart.o(.text)
    USART_SendData                           0x08000add   Thumb Code     8  stm32f4xx_usart.o(.text)
    USART_ReceiveData                        0x08000ae5   Thumb Code     8  stm32f4xx_usart.o(.text)
    USART_SetAddress                         0x08000aed   Thumb Code    16  stm32f4xx_usart.o(.text)
    USART_ReceiverWakeUpCmd                  0x08000afd   Thumb Code    20  stm32f4xx_usart.o(.text)
    USART_WakeUpConfig                       0x08000b11   Thumb Code    16  stm32f4xx_usart.o(.text)
    USART_LINBreakDetectLengthConfig         0x08000b21   Thumb Code    16  stm32f4xx_usart.o(.text)
    USART_LINCmd                             0x08000b31   Thumb Code    20  stm32f4xx_usart.o(.text)
    USART_SendBreak                          0x08000b45   Thumb Code    10  stm32f4xx_usart.o(.text)
    USART_HalfDuplexCmd                      0x08000b4f   Thumb Code    20  stm32f4xx_usart.o(.text)
    USART_SetGuardTime                       0x08000b63   Thumb Code    16  stm32f4xx_usart.o(.text)
    USART_SmartCardCmd                       0x08000b73   Thumb Code    20  stm32f4xx_usart.o(.text)
    USART_SmartCardNACKCmd                   0x08000b87   Thumb Code    20  stm32f4xx_usart.o(.text)
    USART_IrDAConfig                         0x08000b9b   Thumb Code    16  stm32f4xx_usart.o(.text)
    USART_IrDACmd                            0x08000bab   Thumb Code    20  stm32f4xx_usart.o(.text)
    USART_DMACmd                             0x08000bbf   Thumb Code    16  stm32f4xx_usart.o(.text)
    USART_ITConfig                           0x08000bcf   Thumb Code    48  stm32f4xx_usart.o(.text)
    USART_GetFlagStatus                      0x08000bff   Thumb Code    14  stm32f4xx_usart.o(.text)
    USART_ClearFlag                          0x08000c0d   Thumb Code     6  stm32f4xx_usart.o(.text)
    USART_GetITStatus                        0x08000c13   Thumb Code    62  stm32f4xx_usart.o(.text)
    USART_ClearITPendingBit                  0x08000c51   Thumb Code    12  stm32f4xx_usart.o(.text)
    TimingDelay_Decrement                    0x08000c7d   Thumb Code    26  tm_stm32f4_delay.o(.text)
    TM_DELAY_Init                            0x08000c97   Thumb Code    68  tm_stm32f4_delay.o(.text)
    TM_DELAY_EnableDelayTimer                0x08000cdb   Thumb Code    22  tm_stm32f4_delay.o(.text)
    TM_DELAY_DisableDelayTimer               0x08000cf1   Thumb Code    14  tm_stm32f4_delay.o(.text)
    TM_DISCO_LedInit                         0x08000d11   Thumb Code    32  tm_stm32f4_disco.o(.text)
    TM_DISCO_ButtonInit                      0x08000d31   Thumb Code    24  tm_stm32f4_disco.o(.text)
    TM_DISCO_ButtonOnPressed                 0x08000d49   Thumb Code    30  tm_stm32f4_disco.o(.text)
    TM_DISCO_ButtonOnReleased                0x08000d67   Thumb Code    32  tm_stm32f4_disco.o(.text)
    TM_GPIO_INT_Init                         0x08000d95   Thumb Code   110  tm_stm32f4_gpio.o(.text)
    TM_GPIO_INT_EnableClock                  0x08000e03   Thumb Code   158  tm_stm32f4_gpio.o(.text)
    TM_GPIO_Init                             0x08000ea1   Thumb Code    34  tm_stm32f4_gpio.o(.text)
    TM_GPIO_InitAlternate                    0x08000ec3   Thumb Code    92  tm_stm32f4_gpio.o(.text)
    TM_GPIO_DeInit                           0x08000f1f   Thumb Code    38  tm_stm32f4_gpio.o(.text)
    TM_GPIO_SetPinAsInput                    0x08000f45   Thumb Code    38  tm_stm32f4_gpio.o(.text)
    TM_GPIO_SetPinAsOutput                   0x08000f6b   Thumb Code    46  tm_stm32f4_gpio.o(.text)
    TM_GPIO_SetPinAsAnalog                   0x08000f99   Thumb Code    38  tm_stm32f4_gpio.o(.text)
    TM_GPIO_Lock                             0x08000fbf   Thumb Code    16  tm_stm32f4_gpio.o(.text)
    TM_GPIO_GetPortSource                    0x08000fcf   Thumb Code    86  tm_stm32f4_gpio.o(.text)
    TM_GPIO_GetPinSource                     0x08001025   Thumb Code    18  tm_stm32f4_gpio.o(.text)
    TM_GPIO_INT_DisableClock                 0x08001037   Thumb Code   158  tm_stm32f4_gpio.o(.text)
    TM_GPS_INT_ClearFlags                    0x08001105   Thumb Code    34  tm_stm32f4_gps.o(.text)
    TM_GPS_Init                              0x08001127   Thumb Code    44  tm_stm32f4_gps.o(.text)
    TM_GPS_INT_FlagsOk                       0x08001153   Thumb Code    46  tm_stm32f4_gps.o(.text)
    TM_GPS_INT_Return                        0x08001181   Thumb Code   214  tm_stm32f4_gps.o(.text)
    TM_GPS_INT_Atoi                          0x08001257   Thumb Code    46  tm_stm32f4_gps.o(.text)
    TM_GPS_INT_Pow                           0x08001285   Thumb Code    16  tm_stm32f4_gps.o(.text)
    TM_GPS_INT_StringStartsWith              0x08001295   Thumb Code    26  tm_stm32f4_gps.o(.text)
    TM_GPS_INT_CheckTerm                     0x080012af   Thumb Code  1948  tm_stm32f4_gps.o(.text)
    TM_GPS_INT_CheckEmpty                    0x08001a4b   Thumb Code   228  tm_stm32f4_gps.o(.text)
    TM_GPS_INT_Hex2Dec                       0x08001b2f   Thumb Code    42  tm_stm32f4_gps.o(.text)
    TM_GPS_INT_Do                            0x08001b59   Thumb Code   216  tm_stm32f4_gps.o(.text)
    TM_GPS_Update                            0x08001c31   Thumb Code    72  tm_stm32f4_gps.o(.text)
    TM_GPS_AddCustom                         0x08001c79   Thumb Code    68  tm_stm32f4_gps.o(.text)
    TM_GPS_ConvertSpeed                      0x08001cbd   Thumb Code   118  tm_stm32f4_gps.o(.text)
    TM_GPS_ConvertFloat                      0x08001d33   Thumb Code   170  tm_stm32f4_gps.o(.text)
    TM_GPS_DistanceBetween                   0x08001ddd   Thumb Code   662  tm_stm32f4_gps.o(.text)
    TM_USART_INT_GetSubPriority              0x08002095   Thumb Code    68  tm_stm32f4_usart.o(.text)
    TM_USART_InitCustomPinsCallback          0x080020d9   Thumb Code     2  tm_stm32f4_usart.o(.text)
    TM_UART8_InitPins                        0x080020db   Thumb Code    38  tm_stm32f4_usart.o(.text)
    TM_UART7_InitPins                        0x08002101   Thumb Code    58  tm_stm32f4_usart.o(.text)
    TM_USART6_InitPins                       0x0800213b   Thumb Code    58  tm_stm32f4_usart.o(.text)
    TM_UART5_InitPins                        0x08002175   Thumb Code    54  tm_stm32f4_usart.o(.text)
    TM_UART4_InitPins                        0x080021ab   Thumb Code    58  tm_stm32f4_usart.o(.text)
    TM_USART3_InitPins                       0x080021e5   Thumb Code    74  tm_stm32f4_usart.o(.text)
    TM_USART2_InitPins                       0x0800222f   Thumb Code    56  tm_stm32f4_usart.o(.text)
    TM_USART1_InitPins                       0x08002267   Thumb Code    58  tm_stm32f4_usart.o(.text)
    TM_USART_INT_GetUsart                    0x080022a1   Thumb Code    82  tm_stm32f4_usart.o(.text)
    TM_USART_Init                            0x08002443   Thumb Code   276  tm_stm32f4_usart.o(.text)
    TM_USART_InitWithFlowControl             0x08002557   Thumb Code   206  tm_stm32f4_usart.o(.text)
    TM_USART_Getc                            0x08002625   Thumb Code    42  tm_stm32f4_usart.o(.text)
    TM_USART_FindCharacter                   0x0800264f   Thumb Code    50  tm_stm32f4_usart.o(.text)
    TM_USART_Gets                            0x08002681   Thumb Code    78  tm_stm32f4_usart.o(.text)
    TM_USART_BufferEmpty                     0x080026cf   Thumb Code    18  tm_stm32f4_usart.o(.text)
    TM_USART_BufferFull                      0x080026e1   Thumb Code    22  tm_stm32f4_usart.o(.text)
    TM_USART_ClearBuffer                     0x080026f7   Thumb Code    16  tm_stm32f4_usart.o(.text)
    TM_USART_SetCustomStringEndCharacter     0x08002707   Thumb Code    12  tm_stm32f4_usart.o(.text)
    TM_USART_Puts                            0x08002713   Thumb Code    42  tm_stm32f4_usart.o(.text)
    TM_USART_Send                            0x0800273d   Thumb Code    48  tm_stm32f4_usart.o(.text)
    TM_USART_INT_InsertToBuffer              0x0800276d   Thumb Code    38  tm_stm32f4_usart.o(.text)
    USART1_IRQHandler                        0x08002793   Thumb Code    18  tm_stm32f4_usart.o(.text)
    USART2_IRQHandler                        0x080027a5   Thumb Code    24  tm_stm32f4_usart.o(.text)
    USART3_IRQHandler                        0x080027bd   Thumb Code    24  tm_stm32f4_usart.o(.text)
    UART4_IRQHandler                         0x080027d5   Thumb Code    24  tm_stm32f4_usart.o(.text)
    UART5_IRQHandler                         0x080027ed   Thumb Code    20  tm_stm32f4_usart.o(.text)
    USART6_IRQHandler                        0x08002801   Thumb Code    24  tm_stm32f4_usart.o(.text)
    UART7_IRQHandler                         0x08002819   Thumb Code    24  tm_stm32f4_usart.o(.text)
    UART8_IRQHandler                         0x08002831   Thumb Code    24  tm_stm32f4_usart.o(.text)
    TM_USB_MSCHOST_Device                    0x0800286d   Thumb Code    14  tm_stm32f4_usb_msc_host.o(.text)
    TM_USB_MSCHOST_Process                   0x0800287b   Thumb Code    20  tm_stm32f4_usb_msc_host.o(.text)
    TM_USB_MSCHOST_Init                      0x0800288f   Thumb Code    40  tm_stm32f4_usb_msc_host.o(.text)
    TM_BUTTON_Init                           0x080028c9   Thumb Code   112  tm_stm32f4_button.o(.text)
    TM_BUTTON_SetPressTime                   0x08002939   Thumb Code     6  tm_stm32f4_button.o(.text)
    TM_BUTTON_INT_CheckButton                0x0800293f   Thumb Code   132  tm_stm32f4_button.o(.text)
    TM_BUTTON_Update                         0x080029c3   Thumb Code    28  tm_stm32f4_button.o(.text)
    TM_GENERAL_SystemReset                   0x080029e9   Thumb Code    28  tm_stm32f4_general.o(.text)
    TM_GENERAL_GetClockSpeed                 0x08002a05   Thumb Code    58  tm_stm32f4_general.o(.text)
    TM_GENERAL_GetResetSource                0x08002a3f   Thumb Code    86  tm_stm32f4_general.o(.text)
    TM_GENERAL_DWTCounterEnable              0x08002a95   Thumb Code    78  tm_stm32f4_general.o(.text)
    TM_GENERAL_ConvertFloat                  0x08002ae3   Thumb Code   108  tm_stm32f4_general.o(.text)
    TM_GENERAL_RoundFloat                    0x08002b4f   Thumb Code    78  tm_stm32f4_general.o(.text)
    ButtonHandler                            0x08002bd5   Thumb Code    92  main.o(.text)
    main                                     0x08002c31   Thumb Code   624  main.o(.text)
    NMI_Handler                              0x08002f9d   Thumb Code     2  stm32f4xx_it.o(.text)
    HardFault_Handler                        0x08002f9f   Thumb Code     2  stm32f4xx_it.o(.text)
    MemManage_Handler                        0x08002fa1   Thumb Code     2  stm32f4xx_it.o(.text)
    BusFault_Handler                         0x08002fa3   Thumb Code     2  stm32f4xx_it.o(.text)
    UsageFault_Handler                       0x08002fa5   Thumb Code     2  stm32f4xx_it.o(.text)
    SVC_Handler                              0x08002fa7   Thumb Code     2  stm32f4xx_it.o(.text)
    DebugMon_Handler                         0x08002fa9   Thumb Code     2  stm32f4xx_it.o(.text)
    PendSV_Handler                           0x08002fab   Thumb Code     2  stm32f4xx_it.o(.text)
    SysTick_Handler                          0x08002faf   Thumb Code     8  stm32f4xx_it.o(.text)
    SystemCoreClockUpdate                    0x08002fb9   Thumb Code   106  system_stm32f4xx.o(.text)
    SystemInit                               0x08003101   Thumb Code    74  system_stm32f4xx.o(.text)
    disk_initialize                          0x08003175   Thumb Code    18  diskio.o(.text)
    disk_status                              0x08003187   Thumb Code    18  diskio.o(.text)
    disk_read                                0x08003199   Thumb Code    34  diskio.o(.text)
    disk_write                               0x080031bb   Thumb Code    36  diskio.o(.text)
    disk_ioctl                               0x080031df   Thumb Code    24  diskio.o(.text)
    get_fattime                              0x080031f7   Thumb Code     4  diskio.o(.text)
    clust2sect                               0x08003335   Thumb Code    24  ff.o(.text)
    get_fat                                  0x0800334d   Thumb Code   188  ff.o(.text)
    put_fat                                  0x08003409   Thumb Code   244  ff.o(.text)
    f_mount                                  0x08004259   Thumb Code    74  ff.o(.text)
    f_open                                   0x080042a3   Thumb Code   314  ff.o(.text)
    f_read                                   0x080043dd   Thumb Code   314  ff.o(.text)
    f_write                                  0x08004517   Thumb Code   386  ff.o(.text)
    f_sync                                   0x08004699   Thumb Code   152  ff.o(.text)
    f_close                                  0x08004731   Thumb Code    28  ff.o(.text)
    f_chdrive                                0x0800474d   Thumb Code    24  ff.o(.text)
    f_chdir                                  0x08004765   Thumb Code    80  ff.o(.text)
    f_getcwd                                 0x080047b5   Thumb Code   276  ff.o(.text)
    f_lseek                                  0x080048c9   Thumb Code   302  ff.o(.text)
    f_opendir                                0x080049f7   Thumb Code   100  ff.o(.text)
    f_closedir                               0x08004a5b   Thumb Code    18  ff.o(.text)
    f_readdir                                0x08004a6d   Thumb Code    82  ff.o(.text)
    f_findnext                               0x08004abf   Thumb Code    68  ff.o(.text)
    f_findfirst                              0x08004b03   Thumb Code    30  ff.o(.text)
    f_stat                                   0x08004b21   Thumb Code    72  ff.o(.text)
    f_getfree                                0x08004b69   Thumb Code   192  ff.o(.text)
    f_truncate                               0x08004c29   Thumb Code   176  ff.o(.text)
    f_unlink                                 0x08004cd9   Thumb Code   168  ff.o(.text)
    f_mkdir                                  0x08004d81   Thumb Code   372  ff.o(.text)
    f_chmod                                  0x08004ef5   Thumb Code    88  ff.o(.text)
    f_rename                                 0x08004f4d   Thumb Code   256  ff.o(.text)
    f_utime                                  0x0800504d   Thumb Code    92  ff.o(.text)
    f_getlabel                               0x080050a9   Thumb Code   148  ff.o(.text)
    f_setlabel                               0x0800513d   Thumb Code   320  ff.o(.text)
    f_gets                                   0x0800527d   Thumb Code    72  ff.o(.text)
    f_putc                                   0x0800530b   Thumb Code    60  ff.o(.text)
    f_puts                                   0x08005347   Thumb Code    70  ff.o(.text)
    f_printf                                 0x0800538d   Thumb Code   484  ff.o(.text)
    ff_convert                               0x0800568d   Thumb Code    52  unicode.o(.text)
    ff_wtoupper                              0x080056c1   Thumb Code    28  unicode.o(.text)
    TM_FATFS_USB_disk_initialize             0x080056e9   Thumb Code    40  fatfs_usb.o(.text)
    TM_FATFS_USB_disk_status                 0x08005711   Thumb Code     6  fatfs_usb.o(.text)
    TM_FATFS_USB_disk_read                   0x08005717   Thumb Code    92  fatfs_usb.o(.text)
    TM_FATFS_USB_disk_write                  0x08005773   Thumb Code   102  fatfs_usb.o(.text)
    TM_FATFS_USB_disk_ioctl                  0x080057d9   Thumb Code    54  fatfs_usb.o(.text)
    BSP_Init                                 0x08005825   Thumb Code     2  usb_bsp.o(.text)
    USB_OTG_BSP_Init                         0x08005827   Thumb Code   112  usb_bsp.o(.text)
    USB_OTG_BSP_EnableInterrupt              0x08005897   Thumb Code    38  usb_bsp.o(.text)
    USB_OTG_BSP_DriveVBUS                    0x080058bd   Thumb Code    18  usb_bsp.o(.text)
    USB_OTG_BSP_uDelay                       0x080058cf   Thumb Code    30  usb_bsp.o(.text)
    USB_OTG_BSP_mDelay                       0x080058ed   Thumb Code     8  usb_bsp.o(.text)
    USB_OTG_BSP_ConfigVBUS                   0x080058f5   Thumb Code    62  usb_bsp.o(.text)
    OTG_HS_IRQHandler                        0x08005933   Thumb Code     6  usb_bsp.o(.text)
    USB_OTG_WritePacket                      0x08005999   Thumb Code    40  usb_core.o(.text)
    USB_OTG_ReadPacket                       0x080059c1   Thumb Code    32  usb_core.o(.text)
    USB_OTG_SelectCore                       0x080059e1   Thumb Code   192  usb_core.o(.text)
    USB_OTG_CoreInit                         0x08005aa1   Thumb Code   132  usb_core.o(.text)
    USB_OTG_EnableGlobalInt                  0x08005b25   Thumb Code    16  usb_core.o(.text)
    USB_OTG_DisableGlobalInt                 0x08005b35   Thumb Code    16  usb_core.o(.text)
    USB_OTG_FlushTxFifo                      0x08005b45   Thumb Code    62  usb_core.o(.text)
    USB_OTG_FlushRxFifo                      0x08005b83   Thumb Code    54  usb_core.o(.text)
    USB_OTG_SetCurrentMode                   0x08005bb9   Thumb Code    42  usb_core.o(.text)
    USB_OTG_GetMode                          0x08005be3   Thumb Code    10  usb_core.o(.text)
    USB_OTG_IsDeviceMode                     0x08005bed   Thumb Code    18  usb_core.o(.text)
    USB_OTG_IsHostMode                       0x08005bff   Thumb Code    14  usb_core.o(.text)
    USB_OTG_ReadCoreItr                      0x08005c0d   Thumb Code    10  usb_core.o(.text)
    USB_OTG_ReadOtgItr                       0x08005c17   Thumb Code     6  usb_core.o(.text)
    USB_OTG_EnableHostInt                    0x08005c1d   Thumb Code    66  usb_core.o(.text)
    USB_OTG_ReadHPRT0                        0x08005c5f   Thumb Code    12  usb_core.o(.text)
    USB_OTG_DriveVbus                        0x08005c6b   Thumb Code    60  usb_core.o(.text)
    USB_OTG_ResetPort                        0x08005ca7   Thumb Code    42  usb_core.o(.text)
    USB_OTG_InitFSLSPClkSel                  0x08005cd1   Thumb Code    12  usb_core.o(.text)
    USB_OTG_CoreInitHost                     0x08005cdd   Thumb Code   182  usb_core.o(.text)
    USB_OTG_IsEvenFrame                      0x08005d93   Thumb Code    12  usb_core.o(.text)
    USB_OTG_ReadHostAllChannels_intr         0x08005d9f   Thumb Code     6  usb_core.o(.text)
    USB_OTG_HC_Init                          0x08005da5   Thumb Code   236  usb_core.o(.text)
    USB_OTG_HC_StartXfer                     0x08005e91   Thumb Code   256  usb_core.o(.text)
    USB_OTG_HC_Halt                          0x08005f91   Thumb Code    60  usb_core.o(.text)
    USB_OTG_HC_DoPing                        0x08005fcd   Thumb Code    42  usb_core.o(.text)
    USB_OTG_StopHost                         0x08005ff7   Thumb Code    64  usb_core.o(.text)
    HCD_Init                                 0x08006037   Thumb Code    86  usb_hcd.o(.text)
    HCD_GetCurrentSpeed                      0x0800608d   Thumb Code    12  usb_hcd.o(.text)
    HCD_ResetPort                            0x08006099   Thumb Code    10  usb_hcd.o(.text)
    HCD_IsDeviceConnected                    0x080060a3   Thumb Code     6  usb_hcd.o(.text)
    HCD_GetCurrentFrame                      0x080060a9   Thumb Code     8  usb_hcd.o(.text)
    HCD_GetURB_State                         0x080060b1   Thumb Code     8  usb_hcd.o(.text)
    HCD_GetXferCnt                           0x080060b9   Thumb Code    10  usb_hcd.o(.text)
    HCD_GetHCState                           0x080060c3   Thumb Code     8  usb_hcd.o(.text)
    HCD_HC_Init                              0x080060cb   Thumb Code     4  usb_hcd.o(.text)
    HCD_SubmitRequest                        0x080060cf   Thumb Code    20  usb_hcd.o(.text)
    USBH_OTG_ISR_Handler                     0x08006eab   Thumb Code   168  usb_hcd_int.o(.text)
    USBH_Connected                           0x08006f59   Thumb Code    10  usbh_core.o(.text)
    USBH_Disconnected                        0x08006f63   Thumb Code    10  usbh_core.o(.text)
    USBH_SOF                                 0x08006f6d   Thumb Code     4  usbh_core.o(.text)
    USBH_DeInit                              0x08006f71   Thumb Code    52  usbh_core.o(.text)
    USBH_Init                                0x08006fa5   Thumb Code    60  usbh_core.o(.text)
    USBH_HandleControl                       0x08006fe1   Thumb Code   464  usbh_core.o(.text)
    USBH_ErrorHandle                         0x080071b1   Thumb Code    44  usbh_core.o(.text)
    USBH_Process                             0x08007373   Thumb Code   398  usbh_core.o(.text)
    USBH_Open_Channel                        0x08007509   Thumb Code    84  usbh_hcs.o(.text)
    USBH_Modify_Channel                      0x0800755d   Thumb Code    50  usbh_hcs.o(.text)
    USBH_Alloc_Channel                       0x0800758f   Thumb Code    52  usbh_hcs.o(.text)
    USBH_Free_Channel                        0x080075c3   Thumb Code    24  usbh_hcs.o(.text)
    USBH_DeAllocate_AllChannel               0x080075db   Thumb Code    24  usbh_hcs.o(.text)
    USBH_CtlReq                              0x080075f3   Thumb Code    70  usbh_ioreq.o(.text)
    USBH_CtlSendSetup                        0x08007639   Thumb Code    40  usbh_ioreq.o(.text)
    USBH_CtlSendData                         0x08007661   Thumb Code    54  usbh_ioreq.o(.text)
    USBH_CtlReceiveData                      0x08007697   Thumb Code    34  usbh_ioreq.o(.text)
    USBH_BulkSendData                        0x080076b9   Thumb Code    44  usbh_ioreq.o(.text)
    USBH_BulkReceiveData                     0x080076e5   Thumb Code    40  usbh_ioreq.o(.text)
    USBH_InterruptReceiveData                0x0800770d   Thumb Code    52  usbh_ioreq.o(.text)
    USBH_InterruptSendData                   0x08007741   Thumb Code    48  usbh_ioreq.o(.text)
    USBH_IsocReceiveData                     0x08007771   Thumb Code    34  usbh_ioreq.o(.text)
    USBH_IsocSendData                        0x08007793   Thumb Code    30  usbh_ioreq.o(.text)
    USBH_MSC_Init                            0x080077b1   Thumb Code    40  usbh_msc_bot.o(.text)
    USBH_MSC_BOT_Abort                       0x080077d9   Thumb Code    48  usbh_msc_bot.o(.text)
    USBH_MSC_DecodeCSW                       0x08007809   Thumb Code    78  usbh_msc_bot.o(.text)
    USBH_MSC_HandleBOTXfer                   0x08007857   Thumb Code   526  usbh_msc_bot.o(.text)
    USBH_MSC_ErrorHandle                     0x08007b57   Thumb Code    42  usbh_msc_core.o(.text)
    USBH_MSC_TestUnitReady                   0x08007ce5   Thumb Code   116  usbh_msc_scsi.o(.text)
    USBH_MSC_ReadCapacity10                  0x08007d59   Thumb Code   148  usbh_msc_scsi.o(.text)
    USBH_MSC_ModeSense6                      0x08007ded   Thumb Code   142  usbh_msc_scsi.o(.text)
    USBH_MSC_RequestSense                    0x08007e7b   Thumb Code   146  usbh_msc_scsi.o(.text)
    USBH_MSC_Write10                         0x08007f0d   Thumb Code   146  usbh_msc_scsi.o(.text)
    USBH_MSC_Read10                          0x08007f9f   Thumb Code   202  usbh_msc_scsi.o(.text)
    USBH_GetDescriptor                       0x0800807d   Thumb Code    48  usbh_stdreq.o(.text)
    USBH_Get_DevDesc                         0x080080ad   Thumb Code   156  usbh_stdreq.o(.text)
    USBH_GetNextDesc                         0x08008149   Thumb Code    14  usbh_stdreq.o(.text)
    USBH_Get_CfgDesc                         0x08008275   Thumb Code    84  usbh_stdreq.o(.text)
    USBH_Get_StringDesc                      0x080082c9   Thumb Code    72  usbh_stdreq.o(.text)
    USBH_SetAddress                          0x08008311   Thumb Code    24  usbh_stdreq.o(.text)
    USBH_SetCfg                              0x08008329   Thumb Code    24  usbh_stdreq.o(.text)
    USBH_SetInterface                        0x08008341   Thumb Code    26  usbh_stdreq.o(.text)
    USBH_ClrFeature                          0x0800835b   Thumb Code    46  usbh_stdreq.o(.text)
    USBH_USR_Init                            0x080083b9   Thumb Code    14  usbh_usr.o(.text)
    USBH_USR_DeviceAttached                  0x080083c7   Thumb Code    14  usbh_usr.o(.text)
    USBH_USR_UnrecoveredError                0x080083d5   Thumb Code    14  usbh_usr.o(.text)
    USBH_USR_DeviceDisconnected              0x080083e3   Thumb Code    14  usbh_usr.o(.text)
    USBH_USR_ResetDevice                     0x080083f1   Thumb Code     8  usbh_usr.o(.text)
    USBH_USR_DeviceSpeedDetected             0x080083f9   Thumb Code     2  usbh_usr.o(.text)
    USBH_USR_Device_DescAvailable            0x080083fb   Thumb Code     2  usbh_usr.o(.text)
    USBH_USR_DeviceAddressAssigned           0x080083fd   Thumb Code     2  usbh_usr.o(.text)
    USBH_USR_Configuration_DescAvailable     0x080083ff   Thumb Code     2  usbh_usr.o(.text)
    USBH_USR_Manufacturer_String             0x08008401   Thumb Code     2  usbh_usr.o(.text)
    USBH_USR_Product_String                  0x08008403   Thumb Code     2  usbh_usr.o(.text)
    USBH_USR_SerialNum_String                0x08008405   Thumb Code     2  usbh_usr.o(.text)
    USBH_USR_EnumerationDone                 0x08008407   Thumb Code     2  usbh_usr.o(.text)
    USBH_USR_DeviceNotSupported              0x08008409   Thumb Code     8  usbh_usr.o(.text)
    USBH_USR_UserInput                       0x08008411   Thumb Code     4  usbh_usr.o(.text)
    USBH_USR_OverCurrentDetected             0x08008415   Thumb Code     8  usbh_usr.o(.text)
    USBH_USR_MSC_Application                 0x0800841d   Thumb Code    30  usbh_usr.o(.text)
    USBH_USR_DeInit                          0x0800843b   Thumb Code     8  usbh_usr.o(.text)
    __aeabi_memset                           0x08008451   Thumb Code    14  memseta.o(.text)
    __aeabi_memset4                          0x08008451   Thumb Code     0  memseta.o(.text)
    __aeabi_memset8                          0x08008451   Thumb Code     0  memseta.o(.text)
    __aeabi_memclr                           0x0800845f   Thumb Code     4  memseta.o(.text)
    __aeabi_memclr4                          0x0800845f   Thumb Code     0  memseta.o(.text)
    __aeabi_memclr8                          0x0800845f   Thumb Code     0  memseta.o(.text)
    _memset$wrapper                          0x08008463   Thumb Code    18  memseta.o(.text)
    strcat                                   0x08008475   Thumb Code    24  strcat.o(.text)
    strlen                                   0x0800848d   Thumb Code    14  strlen.o(.text)
    strcpy                                   0x0800849b   Thumb Code    18  strcpy.o(.text)
    __aeabi_dadd                             0x080084ad   Thumb Code   322  dadd.o(.text)
    __aeabi_dsub                             0x080085ef   Thumb Code     6  dadd.o(.text)
    __aeabi_drsub                            0x080085f5   Thumb Code     6  dadd.o(.text)
    __aeabi_dmul                             0x080085fb   Thumb Code   228  dmul.o(.text)
    __aeabi_ddiv                             0x080086df   Thumb Code   222  ddiv.o(.text)
    __aeabi_ui2d                             0x080087bd   Thumb Code    26  dfltui.o(.text)
    __aeabi_f2d                              0x080087d7   Thumb Code    38  f2d.o(.text)
    __aeabi_d2f                              0x080087fd   Thumb Code    56  d2f.o(.text)
    __aeabi_uidiv                            0x08008835   Thumb Code     0  uidiv.o(.text)
    __aeabi_uidivmod                         0x08008835   Thumb Code    44  uidiv.o(.text)
    __aeabi_uldivmod                         0x08008861   Thumb Code    98  uldiv.o(.text)
    __aeabi_llsl                             0x080088c3   Thumb Code    30  llshl.o(.text)
    _ll_shift_l                              0x080088c3   Thumb Code     0  llshl.o(.text)
    __aeabi_lasr                             0x080088e1   Thumb Code    36  llsshr.o(.text)
    _ll_sshift_r                             0x080088e1   Thumb Code     0  llsshr.o(.text)
    __I$use$fp                               0x08008905   Thumb Code     0  iusefp.o(.text)
    _float_round                             0x08008905   Thumb Code    18  fepilogue.o(.text)
    _float_epilogue                          0x08008917   Thumb Code    92  fepilogue.o(.text)
    _double_round                            0x08008973   Thumb Code    30  depilogue.o(.text)
    _double_epilogue                         0x08008991   Thumb Code   156  depilogue.o(.text)
    _dsqrt                                   0x08008a2d   Thumb Code   162  dsqrt.o(.text)
    __aeabi_d2ulz                            0x08008acf   Thumb Code    48  dfixul.o(.text)
    __aeabi_cdrcmple                         0x08008b01   Thumb Code    48  cdrcmple.o(.text)
    __scatterload                            0x08008b31   Thumb Code    28  init.o(.text)
    __scatterload_rt2                        0x08008b31   Thumb Code     0  init.o(.text)
    __aeabi_llsr                             0x08008b55   Thumb Code    32  llushr.o(.text)
    _ll_ushift_r                             0x08008b55   Thumb Code     0  llushr.o(.text)
    __aeabi_i2d                              0x08008b75   Thumb Code    34  dflti.o(.text)
    __aeabi_d2iz                             0x08008b97   Thumb Code    62  dfixi.o(.text)
    __decompress                             0x08008bd5   Thumb Code     0  __dczerorl2.o(.text)
    __decompress1                            0x08008bd5   Thumb Code    86  __dczerorl2.o(.text)
    __0sprintf                               0x08008c2d   Thumb Code    34  printfa.o(i.__0sprintf)
    __1sprintf                               0x08008c2d   Thumb Code     0  printfa.o(i.__0sprintf)
    __2sprintf                               0x08008c2d   Thumb Code     0  printfa.o(i.__0sprintf)
    __c89sprintf                             0x08008c2d   Thumb Code     0  printfa.o(i.__0sprintf)
    sprintf                                  0x08008c2d   Thumb Code     0  printfa.o(i.__0sprintf)
    __ARM_fpclassify                         0x08008c55   Thumb Code    48  fpclassify.o(i.__ARM_fpclassify)
    __hardfp_atan                            0x08008c89   Thumb Code   622  atan.o(i.__hardfp_atan)
    __hardfp_atan2                           0x08008f61   Thumb Code   432  atan2.o(i.__hardfp_atan2)
    __hardfp_cos                             0x08009151   Thumb Code   180  cos.o(i.__hardfp_cos)
    __hardfp_sin                             0x08009219   Thumb Code   180  sin.o(i.__hardfp_sin)
    __hardfp_sqrt                            0x080092e1   Thumb Code   122  sqrt.o(i.__hardfp_sqrt)
    __ieee754_rem_pio2                       0x08009361   Thumb Code   938  rred.o(i.__ieee754_rem_pio2)
    __kernel_cos                             0x08009799   Thumb Code   322  cos_i.o(i.__kernel_cos)
    __kernel_poly                            0x08009909   Thumb Code   248  poly.o(i.__kernel_poly)
    __kernel_sin                             0x08009a01   Thumb Code   280  sin_i.o(i.__kernel_sin)
    __mathlib_dbl_infnan                     0x08009b31   Thumb Code    20  dunder.o(i.__mathlib_dbl_infnan)
    __mathlib_dbl_infnan2                    0x08009b45   Thumb Code    20  dunder.o(i.__mathlib_dbl_infnan2)
    __mathlib_dbl_invalid                    0x08009b59   Thumb Code    24  dunder.o(i.__mathlib_dbl_invalid)
    __mathlib_dbl_underflow                  0x08009b79   Thumb Code    24  dunder.o(i.__mathlib_dbl_underflow)
    __scatterload_copy                       0x08009b99   Thumb Code    14  handlers.o(i.__scatterload_copy)
    __scatterload_null                       0x08009ba7   Thumb Code     2  handlers.o(i.__scatterload_null)
    __scatterload_zeroinit                   0x08009ba9   Thumb Code    14  handlers.o(i.__scatterload_zeroinit)
    __set_errno                              0x08009bb9   Thumb Code     6  errno.o(i.__set_errno)
    atan                                     0x0800a461   Thumb Code    16  atan.o(i.atan)
    fabs                                     0x0800a471   Thumb Code    24  fabs.o(i.fabs)
    malloc                                   0x0800a489   Thumb Code    92  malloc.o(i.malloc)
    __mathlib_zero                           0x0800ab10   Data           8  qnan.o(.constdata)
    Region$$Table$$Base                      0x0800acb4   Number         0  anon$$obj.o(Region$$Table)
    Region$$Table$$Limit                     0x0800acd4   Number         0  anon$$obj.o(Region$$Table)
    TM_DELAY_Initialized                     0x20000010   Data           1  tm_stm32f4_delay.o(.data)
    TM_Time                                  0x20000014   Data           4  tm_stm32f4_delay.o(.data)
    TM_Time2                                 0x20000018   Data           4  tm_stm32f4_delay.o(.data)
    mult                                     0x2000001c   Data           4  tm_stm32f4_delay.o(.data)
    GPGSV_StatementsCount                    0x20000025   Data           1  tm_stm32f4_gps.o(.data)
    GPSGV_StatementNumber                    0x20000026   Data           1  tm_stm32f4_gps.o(.data)
    GPGSV_Term_Number                        0x20000027   Data           1  tm_stm32f4_gps.o(.data)
    GPGSV_Term_Mod                           0x20000028   Data           1  tm_stm32f4_gps.o(.data)
    TM_USART1                                0x20000040   Data          16  tm_stm32f4_usart.o(.data)
    TM_USART2                                0x20000050   Data          16  tm_stm32f4_usart.o(.data)
    TM_USART3                                0x20000060   Data          16  tm_stm32f4_usart.o(.data)
    TM_UART4                                 0x20000070   Data          16  tm_stm32f4_usart.o(.data)
    TM_UART5                                 0x20000080   Data          16  tm_stm32f4_usart.o(.data)
    TM_USART6                                0x20000090   Data          16  tm_stm32f4_usart.o(.data)
    TM_UART7                                 0x200000a0   Data          16  tm_stm32f4_usart.o(.data)
    TM_UART8                                 0x200000b0   Data          16  tm_stm32f4_usart.o(.data)
    TM_USB_MSCHOST_INT_Initialized           0x200000c0   Data           1  tm_stm32f4_usb_msc_host.o(.data)
    TM_USB_MSCHOST_INT_Result                0x200000c1   Data           1  tm_stm32f4_usb_msc_host.o(.data)
    GENERAL_SystemSpeedInMHz                 0x200000c2   Data           2  tm_stm32f4_general.o(.data)
    PacketsInBuffer                          0x200000c4   Data           1  main.o(.data)
    HomeLocationIsSet                        0x200000c5   Data           1  main.o(.data)
    fres                                     0x200000c6   Data           1  main.o(.data)
    SpeedKmph                                0x200000c8   Data           4  main.o(.data)
    SystemCoreClock                          0x200000cc   Data           4  system_stm32f4xx.o(.data)
    AHBPrescTable                            0x200000d0   Data          16  system_stm32f4xx.o(.data)
    USBH_HCD_INT_cb                          0x200000f0   Data          12  usbh_core.o(.data)
    USBH_HCD_INT_fops                        0x200000fc   Data           4  usbh_core.o(.data)
    MSCErrorCount                            0x20000118   Data           1  usbh_msc_core.o(.data)
    USBH_MSC_cb                              0x2000011c   Data          16  usbh_msc_core.o(.data)
    USR_Callbacks                            0x20000134   Data          72  usbh_usr.o(.data)
    Application                              0x2000017c   Data           1  usbh_usr.o(.data)
    __microlib_freelist                      0x20000180   Data           4  mvars.o(.data)
    __microlib_freelist_initialised          0x20000184   Data           4  mvars.o(.data)
    TM_USART1_Buffer                         0x200002bc   Data        2048  tm_stm32f4_usart.o(.bss)
    TM_USART2_Buffer                         0x20000abc   Data          32  tm_stm32f4_usart.o(.bss)
    TM_USART3_Buffer                         0x20000adc   Data          32  tm_stm32f4_usart.o(.bss)
    TM_UART4_Buffer                          0x20000afc   Data          32  tm_stm32f4_usart.o(.bss)
    TM_UART5_Buffer                          0x20000b1c   Data          32  tm_stm32f4_usart.o(.bss)
    TM_USART6_Buffer                         0x20000b3c   Data          32  tm_stm32f4_usart.o(.bss)
    TM_UART7_Buffer                          0x20000b5c   Data          32  tm_stm32f4_usart.o(.bss)
    TM_UART8_Buffer                          0x20000b7c   Data          32  tm_stm32f4_usart.o(.bss)
    USB_OTG_Core                             0x20000b9c   Data        1452  tm_stm32f4_usb_msc_host.o(.bss)
    USB_Host                                 0x20001148   Data         328  tm_stm32f4_usb_msc_host.o(.bss)
    fs                                       0x200012cc   Data         564  main.o(.bss)
    fil                                      0x20001500   Data         548  main.o(.bss)
    GPS                                      0x20001724   Data         288  main.o(.bss)
    GPS_Distance                             0x20001844   Data          24  main.o(.bss)
    USB_Buffer                               0x2000185c   Data        5000  main.o(.bss)
    USBH_MSC_CBWData                         0x20002de4   Data          32  usbh_msc_bot.o(.bss)
    USBH_MSC_CSWData                         0x20002e04   Data          16  usbh_msc_bot.o(.bss)
    USBH_MSC_BOTXferParam                    0x20002e14   Data          16  usbh_msc_bot.o(.bss)
    MSC_Machine                              0x20002e24   Data         522  usbh_msc_core.o(.bss)
    USBH_MSC_Param                           0x20003030   Data          16  usbh_msc_scsi.o(.bss)
    USBH_DataInBuffer                        0x20003040   Data         512  usbh_msc_scsi.o(.bss)
    USBH_CfgDesc                             0x20003240   Data         512  usbh_stdreq.o(.bss)
    __heap_base                              0x20003440   Data           0  startup_stm32f429_439xx.o(HEAP)
    __heap_limit                             0x20003640   Data           0  startup_stm32f429_439xx.o(HEAP)
    __initial_sp                             0x20003a40   Data           0  startup_stm32f429_439xx.o(STACK)



==============================================================================

Memory Map of the image

  Image Entry point : 0x080001ad

  Load Region LR_IROM1 (Base: 0x08000000, Size: 0x0000ae60, Max: 0x00200000, ABSOLUTE, COMPRESSED[0x0000ad6c])

    Execution Region ER_IROM1 (Base: 0x08000000, Size: 0x0000acd4, Max: 0x00200000, ABSOLUTE)

    Base Addr    Size         Type   Attr      Idx    E Section Name        Object

    0x08000000   0x000001ac   Data   RO            3    RESET               startup_stm32f429_439xx.o
    0x080001ac   0x00000000   Code   RO         1267  * .ARM.Collect$$$$00000000  mc_w.l(entry.o)
    0x080001ac   0x00000004   Code   RO         1628    .ARM.Collect$$$$00000001  mc_w.l(entry2.o)
    0x080001b0   0x00000004   Code   RO         1631    .ARM.Collect$$$$00000004  mc_w.l(entry5.o)
    0x080001b4   0x00000000   Code   RO         1633    .ARM.Collect$$$$00000008  mc_w.l(entry7b.o)
    0x080001b4   0x00000000   Code   RO         1635    .ARM.Collect$$$$0000000A  mc_w.l(entry8b.o)
    0x080001b4   0x00000008   Code   RO         1636    .ARM.Collect$$$$0000000B  mc_w.l(entry9a.o)
    0x080001bc   0x00000000   Code   RO         1638    .ARM.Collect$$$$0000000D  mc_w.l(entry10a.o)
    0x080001bc   0x00000000   Code   RO         1640    .ARM.Collect$$$$0000000F  mc_w.l(entry11a.o)
    0x080001bc   0x00000004   Code   RO         1629    .ARM.Collect$$$$00002712  mc_w.l(entry2.o)
    0x080001c0   0x00000024   Code   RO            4    .text               startup_stm32f429_439xx.o
    0x080001e4   0x000000b0   Code   RO           13    .text               misc.o
    0x08000294   0x00000484   Code   RO          151    .text               stm32f4xx_rcc.o
    0x08000718   0x0000020c   Code   RO          177    .text               stm32f4xx_gpio.o
    0x08000924   0x00000358   Code   RO          201    .text               stm32f4xx_usart.o
    0x08000c7c   0x00000094   Code   RO          225    .text               tm_stm32f4_delay.o
    0x08000d10   0x00000084   Code   RO          266    .text               tm_stm32f4_disco.o
    0x08000d94   0x00000370   Code   RO          298    .text               tm_stm32f4_gpio.o
    0x08001104   0x00000f90   Code   RO          358    .text               tm_stm32f4_gps.o
    0x08002094   0x000007d8   Code   RO          407    .text               tm_stm32f4_usart.o
    0x0800286c   0x0000005c   Code   RO          443    .text               tm_stm32f4_usb_msc_host.o
    0x080028c8   0x00000120   Code   RO          528    .text               tm_stm32f4_button.o
    0x080029e8   0x000001ec   Code   RO          564    .text               tm_stm32f4_general.o
    0x08002bd4   0x000003c8   Code   RO          599    .text               main.o
    0x08002f9c   0x0000001a   Code   RO          649    .text               stm32f4xx_it.o
    0x08002fb6   0x00000002   PAD
    0x08002fb8   0x000001bc   Code   RO          676    .text               system_stm32f4xx.o
    0x08003174   0x0000008c   Code   RO          706    .text               diskio.o
    0x08003200   0x0000248c   Code   RO          742    .text               ff.o
    0x0800568c   0x0000005c   Code   RO          780    .text               unicode.o
    0x080056e8   0x0000013c   Code   RO          800    .text               fatfs_usb.o
    0x08005824   0x00000120   Code   RO          861    .text               usb_bsp.o
    0x08005944   0x000006f2   Code   RO          890    .text               usb_core.o
    0x08006036   0x000000ac   Code   RO          933    .text               usb_hcd.o
    0x080060e2   0x00000002   PAD
    0x080060e4   0x00000e74   Code   RO          957    .text               usb_hcd_int.o
    0x08006f58   0x000005b0   Code   RO          981    .text               usbh_core.o
    0x08007508   0x000000ea   Code   RO         1014    .text               usbh_hcs.o
    0x080075f2   0x000001be   Code   RO         1038    .text               usbh_ioreq.o
    0x080077b0   0x000002d0   Code   RO         1062    .text               usbh_msc_bot.o
    0x08007a80   0x00000264   Code   RO         1093    .text               usbh_msc_core.o
    0x08007ce4   0x00000398   Code   RO         1126    .text               usbh_msc_scsi.o
    0x0800807c   0x0000033c   Code   RO         1158    .text               usbh_stdreq.o
    0x080083b8   0x00000098   Code   RO         1190    .text               usbh_usr.o
    0x08008450   0x00000024   Code   RO         1270    .text               mc_w.l(memseta.o)
    0x08008474   0x00000018   Code   RO         1272    .text               mc_w.l(strcat.o)
    0x0800848c   0x0000000e   Code   RO         1274    .text               mc_w.l(strlen.o)
    0x0800849a   0x00000012   Code   RO         1276    .text               mc_w.l(strcpy.o)
    0x080084ac   0x0000014e   Code   RO         1567    .text               mf_w.l(dadd.o)
    0x080085fa   0x000000e4   Code   RO         1569    .text               mf_w.l(dmul.o)
    0x080086de   0x000000de   Code   RO         1571    .text               mf_w.l(ddiv.o)
    0x080087bc   0x0000001a   Code   RO         1573    .text               mf_w.l(dfltui.o)
    0x080087d6   0x00000026   Code   RO         1575    .text               mf_w.l(f2d.o)
    0x080087fc   0x00000038   Code   RO         1577    .text               mf_w.l(d2f.o)
    0x08008834   0x0000002c   Code   RO         1645    .text               mc_w.l(uidiv.o)
    0x08008860   0x00000062   Code   RO         1647    .text               mc_w.l(uldiv.o)
    0x080088c2   0x0000001e   Code   RO         1649    .text               mc_w.l(llshl.o)
    0x080088e0   0x00000024   Code   RO         1651    .text               mc_w.l(llsshr.o)
    0x08008904   0x00000000   Code   RO         1666    .text               mc_w.l(iusefp.o)
    0x08008904   0x0000006e   Code   RO         1667    .text               mf_w.l(fepilogue.o)
    0x08008972   0x000000ba   Code   RO         1669    .text               mf_w.l(depilogue.o)
    0x08008a2c   0x000000a2   Code   RO         1673    .text               mf_w.l(dsqrt.o)
    0x08008ace   0x00000030   Code   RO         1675    .text               mf_w.l(dfixul.o)
    0x08008afe   0x00000002   PAD
    0x08008b00   0x00000030   Code   RO         1679    .text               mf_w.l(cdrcmple.o)
    0x08008b30   0x00000024   Code   RO         1685    .text               mc_w.l(init.o)
    0x08008b54   0x00000020   Code   RO         1688    .text               mc_w.l(llushr.o)
    0x08008b74   0x00000022   Code   RO         1691    .text               mf_w.l(dflti.o)
    0x08008b96   0x0000003e   Code   RO         1693    .text               mf_w.l(dfixi.o)
    0x08008bd4   0x00000056   Code   RO         1703    .text               mc_w.l(__dczerorl2.o)
    0x08008c2a   0x00000002   PAD
    0x08008c2c   0x00000028   Code   RO         1513    i.__0sprintf        mc_w.l(printfa.o)
    0x08008c54   0x00000030   Code   RO         1681    i.__ARM_fpclassify  m_wm.l(fpclassify.o)
    0x08008c84   0x00000004   PAD
    0x08008c88   0x000002d8   Code   RO         1579    i.__hardfp_atan     m_wm.l(atan.o)
    0x08008f60   0x000001f0   Code   RO         1219    i.__hardfp_atan2    m_wm.l(atan2.o)
    0x08009150   0x000000c8   Code   RO         1231    i.__hardfp_cos      m_wm.l(cos.o)
    0x08009218   0x000000c8   Code   RO         1243    i.__hardfp_sin      m_wm.l(sin.o)
    0x080092e0   0x0000007a   Code   RO         1255    i.__hardfp_sqrt     m_wm.l(sqrt.o)
    0x0800935a   0x00000006   PAD
    0x08009360   0x00000438   Code   RO         1617    i.__ieee754_rem_pio2  m_wm.l(rred.o)
    0x08009798   0x00000170   Code   RO         1593    i.__kernel_cos      m_wm.l(cos_i.o)
    0x08009908   0x000000f8   Code   RO         1683    i.__kernel_poly     m_wm.l(poly.o)
    0x08009a00   0x00000130   Code   RO         1622    i.__kernel_sin      m_wm.l(sin_i.o)
    0x08009b30   0x00000014   Code   RO         1597    i.__mathlib_dbl_infnan  m_wm.l(dunder.o)
    0x08009b44   0x00000014   Code   RO         1598    i.__mathlib_dbl_infnan2  m_wm.l(dunder.o)
    0x08009b58   0x00000020   Code   RO         1599    i.__mathlib_dbl_invalid  m_wm.l(dunder.o)
    0x08009b78   0x00000020   Code   RO         1602    i.__mathlib_dbl_underflow  m_wm.l(dunder.o)
    0x08009b98   0x0000000e   Code   RO         1697    i.__scatterload_copy  mc_w.l(handlers.o)
    0x08009ba6   0x00000002   Code   RO         1698    i.__scatterload_null  mc_w.l(handlers.o)
    0x08009ba8   0x0000000e   Code   RO         1699    i.__scatterload_zeroinit  mc_w.l(handlers.o)
    0x08009bb6   0x00000002   PAD
    0x08009bb8   0x0000000c   Code   RO         1661    i.__set_errno       mc_w.l(errno.o)
    0x08009bc4   0x00000164   Code   RO         1518    i._fp_digits        mc_w.l(printfa.o)
    0x08009d28   0x000006dc   Code   RO         1519    i._printf_core      mc_w.l(printfa.o)
    0x0800a404   0x00000024   Code   RO         1520    i._printf_post_padding  mc_w.l(printfa.o)
    0x0800a428   0x0000002e   Code   RO         1521    i._printf_pre_padding  mc_w.l(printfa.o)
    0x0800a456   0x0000000a   Code   RO         1523    i._sputc            mc_w.l(printfa.o)
    0x0800a460   0x00000010   Code   RO         1581    i.atan              m_wm.l(atan.o)
    0x0800a470   0x00000018   Code   RO         1612    i.fabs              m_wm.l(fabs.o)
    0x0800a488   0x0000006c   Code   RO         1540    i.malloc            mc_w.l(malloc.o)
    0x0800a4f4   0x0000008d   Data   RO          744    .constdata          ff.o
    0x0800a581   0x00000001   PAD
    0x0800a582   0x000004c0   Data   RO          781    .constdata          unicode.o
    0x0800aa42   0x00000006   PAD
    0x0800aa48   0x00000098   Data   RO         1582    .constdata          m_wm.l(atan.o)
    0x0800aae0   0x00000030   Data   RO         1594    .constdata          m_wm.l(cos_i.o)
    0x0800ab10   0x00000008   Data   RO         1616    .constdata          m_wm.l(qnan.o)
    0x0800ab18   0x000000c8   Data   RO         1619    .constdata          m_wm.l(rred.o)
    0x0800abe0   0x00000028   Data   RO         1623    .constdata          m_wm.l(sin_i.o)
    0x0800ac08   0x000000a9   Data   RO          601    .conststring        main.o
    0x0800acb1   0x00000003   PAD
    0x0800acb4   0x00000020   Data   RO         1695    Region$$Table       anon$$obj.o


    Execution Region RW_IRAM1 (Base: 0x20000000, Size: 0x00003a40, Max: 0x00030000, ABSOLUTE, COMPRESSED[0x00000098])

    Base Addr    Size         Type   Attr      Idx    E Section Name        Object

    0x20000000   0x00000010   Data   RW          152    .data               stm32f4xx_rcc.o
    0x20000010   0x00000010   Data   RW          227    .data               tm_stm32f4_delay.o
    0x20000020   0x00000001   Data   RW          267    .data               tm_stm32f4_disco.o
    0x20000021   0x00000003   PAD
    0x20000024   0x0000001b   Data   RW          360    .data               tm_stm32f4_gps.o
    0x2000003f   0x00000001   PAD
    0x20000040   0x00000080   Data   RW          416    .data               tm_stm32f4_usart.o
    0x200000c0   0x00000002   Data   RW          445    .data               tm_stm32f4_usb_msc_host.o
    0x200000c2   0x00000002   Data   RW          566    .data               tm_stm32f4_general.o
    0x200000c4   0x00000008   Data   RW          602    .data               main.o
    0x200000cc   0x00000014   Data   RW          677    .data               system_stm32f4xx.o
    0x200000e0   0x0000000c   Data   RW          745    .data               ff.o
    0x200000ec   0x00000001   Data   RW          801    .data               fatfs_usb.o
    0x200000ed   0x00000003   PAD
    0x200000f0   0x0000000c   Data   RW          982    .data               usbh_core.o
    0x200000fc   0x00000004   Data   RW          983    .data               usbh_core.o
    0x20000100   0x00000002   Data   RW          984    .data               usbh_core.o
    0x20000102   0x00000002   PAD
    0x20000104   0x00000014   Data   RW         1064    .data               usbh_msc_bot.o
    0x20000118   0x00000002   Data   RW         1095    .data               usbh_msc_core.o
    0x2000011a   0x00000002   PAD
    0x2000011c   0x00000010   Data   RW         1096    .data               usbh_msc_core.o
    0x2000012c   0x00000001   Data   RW         1129    .data               usbh_msc_scsi.o
    0x2000012d   0x00000001   PAD
    0x2000012e   0x00000004   Data   RW         1160    .data               usbh_stdreq.o
    0x20000132   0x00000002   PAD
    0x20000134   0x00000048   Data   RW         1191    .data               usbh_usr.o
    0x2000017c   0x00000001   Data   RW         1192    .data               usbh_usr.o
    0x2000017d   0x00000003   PAD
    0x20000180   0x00000004   Data   RW         1657    .data               mc_w.l(mvars.o)
    0x20000184   0x00000004   Data   RW         1658    .data               mc_w.l(mvars.o)
    0x20000188   0x00000004   Data   RW         1662    .data               mc_w.l(errno.o)
    0x2000018c   0x00000130   Zero   RW          359    .bss                tm_stm32f4_gps.o
    0x200002bc   0x00000800   Zero   RW          408    .bss                tm_stm32f4_usart.o
    0x20000abc   0x00000020   Zero   RW          409    .bss                tm_stm32f4_usart.o
    0x20000adc   0x00000020   Zero   RW          410    .bss                tm_stm32f4_usart.o
    0x20000afc   0x00000020   Zero   RW          411    .bss                tm_stm32f4_usart.o
    0x20000b1c   0x00000020   Zero   RW          412    .bss                tm_stm32f4_usart.o
    0x20000b3c   0x00000020   Zero   RW          413    .bss                tm_stm32f4_usart.o
    0x20000b5c   0x00000020   Zero   RW          414    .bss                tm_stm32f4_usart.o
    0x20000b7c   0x00000020   Zero   RW          415    .bss                tm_stm32f4_usart.o
    0x20000b9c   0x000006f4   Zero   RW          444    .bss                tm_stm32f4_usb_msc_host.o
    0x20001290   0x0000002c   Zero   RW          529    .bss                tm_stm32f4_button.o
    0x200012bc   0x00000010   Zero   RW          565    .bss                tm_stm32f4_general.o
    0x200012cc   0x00001918   Zero   RW          600    .bss                main.o
    0x20002be4   0x00000200   Zero   RW          743    .bss                ff.o
    0x20002de4   0x00000040   Zero   RW         1063    .bss                usbh_msc_bot.o
    0x20002e24   0x0000020a   Zero   RW         1094    .bss                usbh_msc_core.o
    0x2000302e   0x00000002   PAD
    0x20003030   0x00000210   Zero   RW         1127    .bss                usbh_msc_scsi.o
    0x20003240   0x00000200   Zero   RW         1159    .bss                usbh_stdreq.o
    0x20003440   0x00000200   Zero   RW            2    HEAP                startup_stm32f429_439xx.o
    0x20003640   0x00000400   Zero   RW            1    STACK               startup_stm32f429_439xx.o


==============================================================================

Image component sizes


      Code (inc. data)   RO Data    RW Data    ZI Data      Debug   Object Name

       140          6          0          0          0       3798   diskio.o
       316         22          0          1          0      28917   fatfs_usb.o
      9356         90        141         12        512      30707   ff.o
       968        232        169          8       6424       6071   main.o
       176         12          0          0          0     277169   misc.o
        36          8        428          0       1536       1080   startup_stm32f429_439xx.o
       524         44          0          0          0       4145   stm32f4xx_gpio.o
        26          0          0          0          0       1504   stm32f4xx_it.o
      1156         48          0         16          0      12068   stm32f4xx_rcc.o
       856         32          0          0          0       7132   stm32f4xx_usart.o
         0          0          0          0          0        544   syscall.o
       444         42          0         20          0       2103   system_stm32f4xx.o
       288         10          0          0         44       3447   tm_stm32f4_button.o
       148         18          0         16          0      28790   tm_stm32f4_delay.o
       132         14          0          1          0       4090   tm_stm32f4_disco.o
         0          0          0          0          0        528   tm_stm32f4_fatfs.o
       492         46          0          2         16      31376   tm_stm32f4_general.o
       880         48          0          0          0       4002   tm_stm32f4_gpio.o
      3984        208          0         27        304      16051   tm_stm32f4_gps.o
      2008        104          0        128       2272       8997   tm_stm32f4_usart.o
        92         18          0          2       1780      30230   tm_stm32f4_usb_msc_host.o
        92         12       1216          0          0       1589   unicode.o
       288         12          0          0          0       2633   usb_bsp.o
      1778         12          0          0          0       8972   usb_core.o
       172          0          0          0          0       2744   usb_hcd.o
      3700         10          0          0          0       6815   usb_hcd_int.o
      1456         42          0         18          0       6153   usbh_core.o
       234          0          0          0          0       2408   usbh_hcs.o
       446          0          0          0          0       3724   usbh_ioreq.o
       720         38          0         20         64       5371   usbh_msc_bot.o
       612         26          0         18        522       4017   usbh_msc_core.o
       920         20          0          1        528       4874   usbh_msc_scsi.o
       828         10          0          4        512       4827   usbh_stdreq.o
       152         14          0         73          0       4051   usbh_usr.o

    ----------------------------------------------------------------------
     33424       1198       1996        384      14516     560927   Object Totals
         0          0         32          0          0          0   (incl. Generated)
         4          0         10         17          2          0   (incl. Padding)

    ----------------------------------------------------------------------

      Code (inc. data)   RO Data    RW Data    ZI Data      Debug   Library Member Name

       744        106        152          0          0        352   atan.o
       496         64          0          0          0        192   atan2.o
       200         20          0          0          0        164   cos.o
       368         46         48          0          0        200   cos_i.o
       104         16          0          0          0        496   dunder.o
        24          0          0          0          0        124   fabs.o
        48          0          0          0          0        124   fpclassify.o
       248          0          0          0          0        152   poly.o
         0          0          8          0          0          0   qnan.o
      1080        142        200          0          0        188   rred.o
       200         20          0          0          0        164   sin.o
       304         24         40          0          0        208   sin_i.o
       122          0          0          0          0        148   sqrt.o
        86          0          0          0          0          0   __dczerorl2.o
         0          0          0          0          0          0   entry.o
         0          0          0          0          0          0   entry10a.o
         0          0          0          0          0          0   entry11a.o
         8          4          0          0          0          0   entry2.o
         4          0          0          0          0          0   entry5.o
         0          0          0          0          0          0   entry7b.o
         0          0          0          0          0          0   entry8b.o
         8          4          0          0          0          0   entry9a.o
        12          6          0          4          0         68   errno.o
        30          0          0          0          0          0   handlers.o
        36          8          0          0          0         68   init.o
         0          0          0          0          0          0   iusefp.o
        30          0          0          0          0         68   llshl.o
        36          0          0          0          0         68   llsshr.o
        32          0          0          0          0         68   llushr.o
       108         16          0          0          0         84   malloc.o
        36          0          0          0          0        108   memseta.o
         0          0          0          8          0          0   mvars.o
      2244         86          0          0          0        512   printfa.o
        24          0          0          0          0         68   strcat.o
        18          0          0          0          0         68   strcpy.o
        14          0          0          0          0         68   strlen.o
        44          0          0          0          0         80   uidiv.o
        98          0          0          0          0         92   uldiv.o
        48          0          0          0          0         68   cdrcmple.o
        56          0          0          0          0         88   d2f.o
       334          0          0          0          0        148   dadd.o
       222          0          0          0          0        100   ddiv.o
       186          0          0          0          0        176   depilogue.o
        62          0          0          0          0         80   dfixi.o
        48          0          0          0          0         68   dfixul.o
        34          0          0          0          0         76   dflti.o
        26          0          0          0          0         76   dfltui.o
       228          0          0          0          0         96   dmul.o
       162          0          0          0          0        100   dsqrt.o
        38          0          0          0          0         68   f2d.o
       110          0          0          0          0        168   fepilogue.o

    ----------------------------------------------------------------------
      8376        562        448         12          0       5244   Library Totals
        16          0          0          0          0          0   (incl. Padding)

    ----------------------------------------------------------------------

      Code (inc. data)   RO Data    RW Data    ZI Data      Debug   Library Name

      3938        438        448          0          0       2512   m_wm.l
      2868        124          0         12          0       1420   mc_w.l
      1554          0          0          0          0       1312   mf_w.l

    ----------------------------------------------------------------------
      8376        562        448         12          0       5244   Library Totals

    ----------------------------------------------------------------------

==============================================================================


      Code (inc. data)   RO Data    RW Data    ZI Data      Debug   

     41800       1760       2444        396      14516     555899   Grand Totals
     41800       1760       2444        152      14516     555899   ELF Image Totals (compressed)
     41800       1760       2444        152          0          0   ROM Totals

==============================================================================

    Total RO  Size (Code + RO Data)                44244 (  43.21kB)
    Total RW  Size (RW Data + ZI Data)             14912 (  14.56kB)
    Total ROM Size (Code + RO Data + RW Data)      44396 (  43.36kB)

==============================================================================

